Oct 22 21:37:48 syslogd started: BusyBox v1.30.1
Oct 22 21:37:48 kernel: klogd started: BusyBox v1.30.1 (Debian 1:1.30.1-4)
Oct 22 21:37:48 kernel: [    0.000000] Linux version 4.19.0-11-amd64 (debian-kernel@lists.debian.org) (gcc version 8.3.0 (Debian 8.3.0-6)) #1 SMP Debian 4.19.146-1 (2020-09-17)
Oct 22 21:37:48 kernel: [    0.000000] Command line: BOOT_IMAGE=/install.amd/vmlinuz vga=788 initrd=/install.amd/gtk/initrd.gz --- quiet 
Oct 22 21:37:48 kernel: [    0.000000] Disabled fast string operations
Oct 22 21:37:48 kernel: [    0.000000] x86/fpu: Supporting XSAVE feature 0x001: 'x87 floating point registers'
Oct 22 21:37:48 kernel: [    0.000000] x86/fpu: Supporting XSAVE feature 0x002: 'SSE registers'
Oct 22 21:37:48 kernel: [    0.000000] x86/fpu: Supporting XSAVE feature 0x004: 'AVX registers'
Oct 22 21:37:48 kernel: [    0.000000] x86/fpu: Supporting XSAVE feature 0x008: 'MPX bounds registers'
Oct 22 21:37:48 kernel: [    0.000000] x86/fpu: Supporting XSAVE feature 0x010: 'MPX CSR'
Oct 22 21:37:48 kernel: [    0.000000] x86/fpu: xstate_offset[2]:  576, xstate_sizes[2]:  256
Oct 22 21:37:48 kernel: [    0.000000] x86/fpu: xstate_offset[3]:  832, xstate_sizes[3]:   64
Oct 22 21:37:48 kernel: [    0.000000] x86/fpu: xstate_offset[4]:  896, xstate_sizes[4]:   64
Oct 22 21:37:48 kernel: [    0.000000] x86/fpu: Enabled xstate features 0x1f, context size is 960 bytes, using 'compacted' format.
Oct 22 21:37:48 kernel: [    0.000000] BIOS-provided physical RAM map:
Oct 22 21:37:48 kernel: [    0.000000] BIOS-e820: [mem 0x0000000000000000-0x000000000009fbff] usable
Oct 22 21:37:48 kernel: [    0.000000] BIOS-e820: [mem 0x000000000009fc00-0x000000000009ffff] reserved
Oct 22 21:37:48 kernel: [    0.000000] BIOS-e820: [mem 0x00000000000dc000-0x00000000000fffff] reserved
Oct 22 21:37:48 kernel: [    0.000000] BIOS-e820: [mem 0x0000000000100000-0x000000007ffebfff] usable
Oct 22 21:37:48 kernel: [    0.000000] BIOS-e820: [mem 0x000000007ffec000-0x000000007ffedfff] reserved
Oct 22 21:37:48 kernel: [    0.000000] BIOS-e820: [mem 0x000000007ffee000-0x000000007fffafff] ACPI data
Oct 22 21:37:48 kernel: [    0.000000] BIOS-e820: [mem 0x000000007fffb000-0x000000007fffffff] ACPI NVS
Oct 22 21:37:48 kernel: [    0.000000] BIOS-e820: [mem 0x00000000fec00000-0x00000000fec00fff] reserved
Oct 22 21:37:48 kernel: [    0.000000] BIOS-e820: [mem 0x00000000fed00000-0x00000000fed00fff] reserved
Oct 22 21:37:48 kernel: [    0.000000] BIOS-e820: [mem 0x00000000fed04000-0x00000000fed04fff] reserved
Oct 22 21:37:48 kernel: [    0.000000] BIOS-e820: [mem 0x00000000fee00000-0x00000000fee00fff] reserved
Oct 22 21:37:48 kernel: [    0.000000] BIOS-e820: [mem 0x00000000ffc00000-0x00000000ffffffff] reserved
Oct 22 21:37:48 kernel: [    0.000000] NX (Execute Disable) protection: active
Oct 22 21:37:48 kernel: [    0.000000] SMBIOS 2.7 present.
Oct 22 21:37:48 kernel: [    0.000000] DMI: Parallels Software International Inc. Parallels Virtual Platform/Parallels Virtual Platform, BIOS 15.1.4 (47270) 04/13/2020
Oct 22 21:37:48 kernel: [    0.000000] Hypervisor detected: KVM
Oct 22 21:37:48 kernel: [    0.000000] kvm-clock: Using msrs 4b564d01 and 4b564d00
Oct 22 21:37:48 kernel: [    0.000001] kvm-clock: cpu 0, msr 1c7e9001, primary cpu clock
Oct 22 21:37:48 kernel: [    0.000001] kvm-clock: using sched offset of 5268439998 cycles
Oct 22 21:37:48 kernel: [    0.000003] clocksource: kvm-clock: mask: 0xffffffffffffffff max_cycles: 0x1cd42e4dffb, max_idle_ns: 881590591483 ns
Oct 22 21:37:48 kernel: [    0.000005] tsc: Detected 2400.000 MHz processor
Oct 22 21:37:48 kernel: [    0.000717] e820: update [mem 0x00000000-0x00000fff] usable ==> reserved
Oct 22 21:37:48 kernel: [    0.000719] e820: remove [mem 0x000a0000-0x000fffff] usable
Oct 22 21:37:48 kernel: [    0.000722] last_pfn = 0x7ffec max_arch_pfn = 0x400000000
Oct 22 21:37:48 kernel: [    0.000736] MTRR default type: write-back
Oct 22 21:37:48 kernel: [    0.000737] MTRR fixed ranges enabled:
Oct 22 21:37:48 kernel: [    0.000738]   00000-9FFFF write-back
Oct 22 21:37:48 kernel: [    0.000739]   A0000-BFFFF uncachable
Oct 22 21:37:48 kernel: [    0.000740]   C0000-C7FFF write-protect
Oct 22 21:37:48 kernel: [    0.000741]   C8000-EFFFF uncachable
Oct 22 21:37:48 kernel: [    0.000742]   F0000-FFFFF write-protect
Oct 22 21:37:48 kernel: [    0.000743] MTRR variable ranges enabled:
Oct 22 21:37:48 kernel: [    0.000744]   0 base 000000000 mask F80000000 write-back
Oct 22 21:37:48 kernel: [    0.000745]   1 disabled
Oct 22 21:37:48 kernel: [    0.000745]   2 disabled
Oct 22 21:37:48 kernel: [    0.000746]   3 disabled
Oct 22 21:37:48 kernel: [    0.000747]   4 disabled
Oct 22 21:37:48 kernel: [    0.000747]   5 disabled
Oct 22 21:37:48 kernel: [    0.000748]   6 disabled
Oct 22 21:37:48 kernel: [    0.000749]   7 disabled
Oct 22 21:37:48 kernel: [    0.001376] x86/PAT: Configuration [0-7]: WB  WC  UC- UC  WB  WP  UC- WT  
Oct 22 21:37:48 kernel: [    0.001935] found SMP MP-table at [mem 0x0009fc30-0x0009fc3f]
Oct 22 21:37:48 kernel: [    0.002143] RAMDISK: [mem 0x7d382000-0x7ffebfff]
Oct 22 21:37:48 kernel: [    0.002158] ACPI: Early table checksum verification disabled
Oct 22 21:37:48 kernel: [    0.002184] ACPI: RSDP 0x00000000000E0000 000024 (v02 PRLS  )
Oct 22 21:37:48 kernel: [    0.002190] ACPI: XSDT 0x000000007FFF2C80 00004C (v01 PRLS   PRLS_OEM 00000001 INTL 20051216)
Oct 22 21:37:48 kernel: [    0.002197] ACPI: FACP 0x000000007FFEE0C0 0000F4 (v03 PRLS   PRLS_OEM 00000001 INTL 20051216)
Oct 22 21:37:48 kernel: [    0.002202] ACPI: DSDT 0x000000007FFEE440 0047A4 (v02 PRLS   PRLSACPI 00001001 INTL 20160527)
Oct 22 21:37:48 kernel: [    0.002206] ACPI: FACS 0x000000007FFEE1C0 000040
Oct 22 21:37:48 kernel: [    0.002208] ACPI: FACS 0x000000007FFEE1C0 000040
Oct 22 21:37:48 kernel: [    0.002210] ACPI: APIC 0x000000007FFEE200 000216 (v01 PRLS   PRLS_OEM 00000001 INTL 20051216)
Oct 22 21:37:48 kernel: [    0.002213] ACPI: HPET 0x000000007FFF2C00 000038 (v00 PRLS   PRLS_OEM 00000001 INTL 20051216)
Oct 22 21:37:48 kernel: [    0.002216] ACPI: MCFG 0x000000007FFF2C40 00003C (v01 PRLS   PRLS_OEM 00000001 INTL 20051216)
Oct 22 21:37:48 kernel: [    0.002218] ACPI: OEM1 0x000000007FFF2D00 000394 (v01 PRLS   PRLS_OEM 00000001 INTL 20051216)
Oct 22 21:37:48 kernel: [    0.002231] ACPI: Local APIC address 0xfee00000
Oct 22 21:37:48 kernel: [    0.002443] No NUMA configuration found
Oct 22 21:37:48 kernel: [    0.002444] Faking a node at [mem 0x0000000000000000-0x000000007ffebfff]
Oct 22 21:37:48 kernel: [    0.002448] NODE_DATA(0) allocated [mem 0x7d37d000-0x7d381fff]
Oct 22 21:37:48 kernel: [    0.002892] Zone ranges:
Oct 22 21:37:48 kernel: [    0.002894]   DMA      [mem 0x0000000000001000-0x0000000000ffffff]
Oct 22 21:37:48 kernel: [    0.002896]   DMA32    [mem 0x0000000001000000-0x000000007ffebfff]
Oct 22 21:37:48 kernel: [    0.002897]   Normal   empty
Oct 22 21:37:48 kernel: [    0.002898]   Device   empty
Oct 22 21:37:48 kernel: [    0.002900] Movable zone start for each node
Oct 22 21:37:48 kernel: [    0.002900] Early memory node ranges
Oct 22 21:37:48 kernel: [    0.002901]   node   0: [mem 0x0000000000001000-0x000000000009efff]
Oct 22 21:37:48 kernel: [    0.002902]   node   0: [mem 0x0000000000100000-0x000000007ffebfff]
Oct 22 21:37:48 kernel: [    0.003377] Zeroed struct page in unavailable ranges: 118 pages
Oct 22 21:37:48 kernel: [    0.003379] Initmem setup node 0 [mem 0x0000000000001000-0x000000007ffebfff]
Oct 22 21:37:48 kernel: [    0.003380] On node 0 totalpages: 524170
Oct 22 21:37:48 kernel: [    0.003382]   DMA zone: 64 pages used for memmap
Oct 22 21:37:48 kernel: [    0.003383]   DMA zone: 21 pages reserved
Oct 22 21:37:48 kernel: [    0.003385]   DMA zone: 3998 pages, LIFO batch:0
Oct 22 21:37:48 kernel: [    0.003481]   DMA32 zone: 8128 pages used for memmap
Oct 22 21:37:48 kernel: [    0.003482]   DMA32 zone: 520172 pages, LIFO batch:63
Oct 22 21:37:48 kernel: [    0.019847] ACPI: PM-Timer IO Port: 0x4008
Oct 22 21:37:48 kernel: [    0.019851] ACPI: Local APIC address 0xfee00000
Oct 22 21:37:48 kernel: [    0.019862] ACPI: LAPIC_NMI (acpi_id[0x00] high edge lint[0x1])
Oct 22 21:37:48 kernel: [    0.019863] ACPI: LAPIC_NMI (acpi_id[0x01] high edge lint[0x1])
Oct 22 21:37:48 kernel: [    0.019864] ACPI: LAPIC_NMI (acpi_id[0x02] high edge lint[0x1])
Oct 22 21:37:48 kernel: [    0.019865] ACPI: LAPIC_NMI (acpi_id[0x03] high edge lint[0x1])
Oct 22 21:37:48 kernel: [    0.019866] ACPI: LAPIC_NMI (acpi_id[0x04] high edge lint[0x1])
Oct 22 21:37:48 kernel: [    0.019866] ACPI: LAPIC_NMI (acpi_id[0x05] high edge lint[0x1])
Oct 22 21:37:48 kernel: [    0.019867] ACPI: LAPIC_NMI (acpi_id[0x06] high edge lint[0x1])
Oct 22 21:37:48 kernel: [    0.019868] ACPI: LAPIC_NMI (acpi_id[0x07] high edge lint[0x1])
Oct 22 21:37:48 kernel: [    0.019869] ACPI: LAPIC_NMI (acpi_id[0x08] high edge lint[0x1])
Oct 22 21:37:48 kernel: [    0.019869] ACPI: LAPIC_NMI (acpi_id[0x09] high edge lint[0x1])
Oct 22 21:37:48 kernel: [    0.019870] ACPI: LAPIC_NMI (acpi_id[0x0a] high edge lint[0x1])
Oct 22 21:37:48 kernel: [    0.019871] ACPI: LAPIC_NMI (acpi_id[0x0b] high edge lint[0x1])
Oct 22 21:37:48 kernel: [    0.019872] ACPI: LAPIC_NMI (acpi_id[0x0c] high edge lint[0x1])
Oct 22 21:37:48 kernel: [    0.019873] ACPI: LAPIC_NMI (acpi_id[0x0d] high edge lint[0x1])
Oct 22 21:37:48 kernel: [    0.019873] ACPI: LAPIC_NMI (acpi_id[0x0e] high edge lint[0x1])
Oct 22 21:37:48 kernel: [    0.019874] ACPI: LAPIC_NMI (acpi_id[0x0f] high edge lint[0x1])
Oct 22 21:37:48 kernel: [    0.019875] ACPI: LAPIC_NMI (acpi_id[0x10] high edge lint[0x1])
Oct 22 21:37:48 kernel: [    0.019876] ACPI: LAPIC_NMI (acpi_id[0x11] high edge lint[0x1])
Oct 22 21:37:48 kernel: [    0.019877] ACPI: LAPIC_NMI (acpi_id[0x12] high edge lint[0x1])
Oct 22 21:37:48 kernel: [    0.019877] ACPI: LAPIC_NMI (acpi_id[0x13] high edge lint[0x1])
Oct 22 21:37:48 kernel: [    0.019878] ACPI: LAPIC_NMI (acpi_id[0x14] high edge lint[0x1])
Oct 22 21:37:48 kernel: [    0.019879] ACPI: LAPIC_NMI (acpi_id[0x15] high edge lint[0x1])
Oct 22 21:37:48 kernel: [    0.019880] ACPI: LAPIC_NMI (acpi_id[0x16] high edge lint[0x1])
Oct 22 21:37:48 kernel: [    0.019881] ACPI: LAPIC_NMI (acpi_id[0x17] high edge lint[0x1])
Oct 22 21:37:48 kernel: [    0.019882] ACPI: LAPIC_NMI (acpi_id[0x18] high edge lint[0x1])
Oct 22 21:37:48 kernel: [    0.019883] ACPI: LAPIC_NMI (acpi_id[0x19] high edge lint[0x1])
Oct 22 21:37:48 kernel: [    0.019884] ACPI: LAPIC_NMI (acpi_id[0x1a] high edge lint[0x1])
Oct 22 21:37:48 kernel: [    0.019884] ACPI: LAPIC_NMI (acpi_id[0x1b] high edge lint[0x1])
Oct 22 21:37:48 kernel: [    0.019885] ACPI: LAPIC_NMI (acpi_id[0x1c] high edge lint[0x1])
Oct 22 21:37:48 kernel: [    0.019886] ACPI: LAPIC_NMI (acpi_id[0x1d] high edge lint[0x1])
Oct 22 21:37:48 kernel: [    0.019887] ACPI: LAPIC_NMI (acpi_id[0x1e] high edge lint[0x1])
Oct 22 21:37:48 kernel: [    0.019887] ACPI: LAPIC_NMI (acpi_id[0x1f] high edge lint[0x1])
Oct 22 21:37:48 kernel: [    0.019923] IOAPIC[0]: apic_id 0, version 2, address 0xfec00000, GSI 0-23
Oct 22 21:37:48 kernel: [    0.019926] ACPI: INT_SRC_OVR (bus 0 bus_irq 0 global_irq 2 dfl dfl)
Oct 22 21:37:48 kernel: [    0.019928] ACPI: INT_SRC_OVR (bus 0 bus_irq 14 global_irq 14 dfl edge)
Oct 22 21:37:48 kernel: [    0.019928] ACPI: INT_SRC_OVR (bus 0 bus_irq 15 global_irq 15 dfl edge)
Oct 22 21:37:48 kernel: [    0.019932] ACPI: IRQ0 used by override.
Oct 22 21:37:48 kernel: [    0.019933] ACPI: IRQ9 used by override.
Oct 22 21:37:48 kernel: [    0.019934] ACPI: IRQ14 used by override.
Oct 22 21:37:48 kernel: [    0.019934] ACPI: IRQ15 used by override.
Oct 22 21:37:48 kernel: [    0.019937] Using ACPI (MADT) for SMP configuration information
Oct 22 21:37:48 kernel: [    0.019938] ACPI: HPET id: 0x8086a701 base: 0xfed00000
Oct 22 21:37:48 kernel: [    0.019945] TSC deadline timer available
Oct 22 21:37:48 kernel: [    0.019950] smpboot: Allowing 32 CPUs, 30 hotplug CPUs
Oct 22 21:37:48 kernel: [    0.019979] PM: Registered nosave memory: [mem 0x00000000-0x00000fff]
Oct 22 21:37:48 kernel: [    0.019981] PM: Registered nosave memory: [mem 0x0009f000-0x0009ffff]
Oct 22 21:37:48 kernel: [    0.019982] PM: Registered nosave memory: [mem 0x000a0000-0x000dbfff]
Oct 22 21:37:48 kernel: [    0.019982] PM: Registered nosave memory: [mem 0x000dc000-0x000fffff]
Oct 22 21:37:48 kernel: [    0.019984] [mem 0x80000000-0xfebfffff] available for PCI devices
Oct 22 21:37:48 kernel: [    0.019987] Booting paravirtualized kernel on KVM
Oct 22 21:37:48 kernel: [    0.019995] clocksource: refined-jiffies: mask: 0xffffffff max_cycles: 0xffffffff, max_idle_ns: 7645519600211568 ns
Oct 22 21:37:48 kernel: [    0.084952] random: get_random_bytes called from start_kernel+0x93/0x52a with crng_init=0
Oct 22 21:37:48 kernel: [    0.084960] setup_percpu: NR_CPUS:512 nr_cpumask_bits:512 nr_cpu_ids:32 nr_node_ids:1
Oct 22 21:37:48 kernel: [    0.088196] percpu: Embedded 45 pages/cpu s144408 r8192 d31720 u262144
Oct 22 21:37:48 kernel: [    0.088206] pcpu-alloc: s144408 r8192 d31720 u262144 alloc=1*2097152
Oct 22 21:37:48 kernel: [    0.088208] pcpu-alloc: [0] 00 01 02 03 04 05 06 07 [0] 08 09 10 11 12 13 14 15 
Oct 22 21:37:48 kernel: [    0.088211] pcpu-alloc: [0] 16 17 18 19 20 21 22 23 [0] 24 25 26 27 28 29 30 31 
Oct 22 21:37:48 kernel: [    0.088248] Built 1 zonelists, mobility grouping on.  Total pages: 515957
Oct 22 21:37:48 kernel: [    0.088249] Policy zone: DMA32
Oct 22 21:37:48 kernel: [    0.088252] Kernel command line: BOOT_IMAGE=/install.amd/vmlinuz vga=788 initrd=/install.amd/gtk/initrd.gz --- quiet 
Oct 22 21:37:48 kernel: [    0.088333] log_buf_len individual max cpu contribution: 4096 bytes
Oct 22 21:37:48 kernel: [    0.088335] log_buf_len total cpu_extra contributions: 126976 bytes
Oct 22 21:37:48 kernel: [    0.088335] log_buf_len min size: 131072 bytes
Oct 22 21:37:48 kernel: [    0.088422] log_buf_len: 262144 bytes
Oct 22 21:37:48 kernel: [    0.088423] early log buf free: 120796(92%)
Oct 22 21:37:48 kernel: [    0.088775] Calgary: detecting Calgary via BIOS EBDA area
Oct 22 21:37:48 kernel: [    0.088776] Calgary: Unable to locate Rio Grande table in EBDA - bailing!
Oct 22 21:37:48 kernel: [    0.092138] Memory: 1987048K/2096680K available (10252K kernel code, 1241K rwdata, 3320K rodata, 1592K init, 2272K bss, 109632K reserved, 0K cma-reserved)
Oct 22 21:37:48 kernel: [    0.092552] SLUB: HWalign=64, Order=0-3, MinObjects=0, CPUs=32, Nodes=1
Oct 22 21:37:48 kernel: [    0.092559] Kernel/User page tables isolation: enabled
Oct 22 21:37:48 kernel: [    0.092602] ftrace: allocating 31915 entries in 125 pages
Oct 22 21:37:48 kernel: [    0.101975] rcu: Hierarchical RCU implementation.
Oct 22 21:37:48 kernel: [    0.101978] rcu: 	RCU restricting CPUs from NR_CPUS=512 to nr_cpu_ids=32.
Oct 22 21:37:48 kernel: [    0.101980] rcu: Adjusting geometry for rcu_fanout_leaf=16, nr_cpu_ids=32
Oct 22 21:37:48 kernel: [    0.104633] NR_IRQS: 33024, nr_irqs: 680, preallocated irqs: 16
Oct 22 21:37:48 kernel: [    0.104909] Console: colour dummy device 80x25
Oct 22 21:37:48 kernel: [    0.104912] console [tty0] enabled
Oct 22 21:37:48 kernel: [    0.104955] ACPI: Core revision 20180810
Oct 22 21:37:48 kernel: [    0.105264] clocksource: hpet: mask: 0xffffffff max_cycles: 0xffffffff, max_idle_ns: 119453777892 ns
Oct 22 21:37:48 kernel: [    0.105304] hpet clockevent registered
Oct 22 21:37:48 kernel: [    0.105334] APIC: Switch to symmetric I/O mode setup
Oct 22 21:37:48 kernel: [    0.105551] x2apic enabled
Oct 22 21:37:48 kernel: [    0.105692] Switched APIC routing to physical x2apic.
Oct 22 21:37:48 kernel: [    0.106164] ..TIMER: vector=0x30 apic1=0 pin1=2 apic2=-1 pin2=-1
Oct 22 21:37:48 kernel: [    0.106187] clocksource: tsc-early: mask: 0xffffffffffffffff max_cycles: 0x22983777dd9, max_idle_ns: 440795300422 ns
Oct 22 21:37:48 kernel: [    0.106202] Calibrating delay loop (skipped) preset value.. 4800.00 BogoMIPS (lpj=9600000)
Oct 22 21:37:48 kernel: [    0.106204] pid_max: default: 32768 minimum: 301
Oct 22 21:37:48 kernel: [    0.106236] Security Framework initialized
Oct 22 21:37:48 kernel: [    0.106237] Yama: disabled by default; enable with sysctl kernel.yama.*
Oct 22 21:37:48 kernel: [    0.106314] AppArmor: AppArmor initialized
Oct 22 21:37:48 kernel: [    0.107110] Dentry cache hash table entries: 262144 (order: 9, 2097152 bytes)
Oct 22 21:37:48 kernel: [    0.107696] Inode-cache hash table entries: 131072 (order: 8, 1048576 bytes)
Oct 22 21:37:48 kernel: [    0.107712] Mount-cache hash table entries: 4096 (order: 3, 32768 bytes)
Oct 22 21:37:48 kernel: [    0.107721] Mountpoint-cache hash table entries: 4096 (order: 3, 32768 bytes)
Oct 22 21:37:48 kernel: [    0.107994] Disabled fast string operations
Oct 22 21:37:48 kernel: [    0.108032] Last level iTLB entries: 4KB 64, 2MB 8, 4MB 8
Oct 22 21:37:48 kernel: [    0.108033] Last level dTLB entries: 4KB 64, 2MB 0, 4MB 0, 1GB 4
Oct 22 21:37:48 kernel: [    0.108034] Spectre V1 : Mitigation: usercopy/swapgs barriers and __user pointer sanitization
Oct 22 21:37:48 kernel: [    0.108035] Spectre V2 : Mitigation: Full generic retpoline
Oct 22 21:37:48 kernel: [    0.108036] Spectre V2 : Spectre v2 / SpectreRSB mitigation: Filling RSB on context switch
Oct 22 21:37:48 kernel: [    0.108037] Speculative Store Bypass: Vulnerable
Oct 22 21:37:48 kernel: [    0.108067] SRBDS: Unknown: Dependent on hypervisor status
Oct 22 21:37:48 kernel: [    0.108068] MDS: Vulnerable: Clear CPU buffers attempted, no microcode
Oct 22 21:37:48 kernel: [    0.108254] Freeing SMP alternatives memory: 24K
Oct 22 21:37:48 kernel: [    0.110351] smpboot: CPU0: Intel(R) Core(TM) i9-9980HK CPU @ 2.40GHz (family: 0x6, model: 0x9e, stepping: 0xd)
Oct 22 21:37:48 kernel: [    0.110454] Performance Events: unsupported p6 CPU model 158 no PMU driver, software events only.
Oct 22 21:37:48 kernel: [    0.110492] rcu: Hierarchical SRCU implementation.
Oct 22 21:37:48 kernel: [    0.110807] random: crng done (trusting CPU's manufacturer)
Oct 22 21:37:48 kernel: [    0.110819] NMI watchdog: Perf NMI watchdog permanently disabled
Oct 22 21:37:48 kernel: [    0.111420] smp: Bringing up secondary CPUs ...
Oct 22 21:37:48 kernel: [    0.111523] x86: Booting SMP configuration:
Oct 22 21:37:48 kernel: [    0.111524] .... node  #0, CPUs:        #1
Oct 22 21:37:48 kernel: [    0.001362] kvm-clock: cpu 1, msr 1c7e9041, secondary cpu clock
Oct 22 21:37:48 kernel: [    0.001362] Disabled fast string operations
Oct 22 21:37:48 kernel: [    0.112004] smp: Brought up 1 node, 2 CPUs
Oct 22 21:37:48 kernel: [    0.112004] smpboot: Max logical packages: 16
Oct 22 21:37:48 kernel: [    0.112004] smpboot: Total of 2 processors activated (9600.00 BogoMIPS)
Oct 22 21:37:48 kernel: [    0.115894] devtmpfs: initialized
Oct 22 21:37:48 kernel: [    0.115894] x86/mm: Memory block size: 128MB
Oct 22 21:37:48 kernel: [    0.115894] PM: Registering ACPI NVS region [mem 0x7fffb000-0x7fffffff] (20480 bytes)
Oct 22 21:37:48 kernel: [    0.115894] clocksource: jiffies: mask: 0xffffffff max_cycles: 0xffffffff, max_idle_ns: 7645041785100000 ns
Oct 22 21:37:48 kernel: [    0.115894] futex hash table entries: 8192 (order: 7, 524288 bytes)
Oct 22 21:37:48 kernel: [    0.115894] pinctrl core: initialized pinctrl subsystem
Oct 22 21:37:48 kernel: [    0.115894] NET: Registered protocol family 16
Oct 22 21:37:48 kernel: [    0.115894] audit: initializing netlink subsys (disabled)
Oct 22 21:37:48 kernel: [    0.115894] audit: type=2000 audit(1603402665.012:1): state=initialized audit_enabled=0 res=1
Oct 22 21:37:48 kernel: [    0.115894] cpuidle: using governor ladder
Oct 22 21:37:48 kernel: [    0.115894] cpuidle: using governor menu
Oct 22 21:37:48 kernel: [    0.115894] ACPI: bus type PCI registered
Oct 22 21:37:48 kernel: [    0.115894] acpiphp: ACPI Hot Plug PCI Controller Driver version: 0.5
Oct 22 21:37:48 kernel: [    0.115894] PCI: MMCONFIG for domain 0000 [bus 00-0f] at [mem 0xfc000000-0xfcffffff] (base 0xfc000000)
Oct 22 21:37:48 kernel: [    0.115894] PCI: not using MMCONFIG
Oct 22 21:37:48 kernel: [    0.115894] PCI: Using configuration type 1 for base access
Oct 22 21:37:48 kernel: [    0.118243] HugeTLB registered 2.00 MiB page size, pre-allocated 0 pages
Oct 22 21:37:48 kernel: [    0.118688] ACPI: Added _OSI(Module Device)
Oct 22 21:37:48 kernel: [    0.118688] ACPI: Added _OSI(Processor Device)
Oct 22 21:37:48 kernel: [    0.118688] ACPI: Added _OSI(3.0 _SCP Extensions)
Oct 22 21:37:48 kernel: [    0.118688] ACPI: Added _OSI(Processor Aggregator Device)
Oct 22 21:37:48 kernel: [    0.118688] ACPI: Added _OSI(Linux-Dell-Video)
Oct 22 21:37:48 kernel: [    0.118688] ACPI: Added _OSI(Linux-Lenovo-NV-HDMI-Audio)
Oct 22 21:37:48 kernel: [    0.118946] ACPI: 1 ACPI AML tables successfully acquired and loaded
Oct 22 21:37:48 kernel: [    0.119455] ACPI: EC: EC started
Oct 22 21:37:48 kernel: [    0.119455] ACPI: EC: interrupt blocked
Oct 22 21:37:48 kernel: [    0.119455] ACPI: \_SB_.PCI0.PX40.EC__: Used as first EC
Oct 22 21:37:48 kernel: [    0.119455] ACPI: \_SB_.PCI0.PX40.EC__: GPE=0xa, EC_CMD/EC_SC=0x66, EC_DATA=0x62
Oct 22 21:37:48 kernel: [    0.119455] ACPI: \_SB_.PCI0.PX40.EC__: Used as boot DSDT EC to handle transactions
Oct 22 21:37:48 kernel: [    0.119455] ACPI: Interpreter enabled
Oct 22 21:37:48 kernel: [    0.119455] ACPI: (supports S0 S3 S4 S5)
Oct 22 21:37:48 kernel: [    0.119455] ACPI: Using IOAPIC for interrupt routing
Oct 22 21:37:48 kernel: [    0.119455] PCI: MMCONFIG for domain 0000 [bus 00-0f] at [mem 0xfc000000-0xfcffffff] (base 0xfc000000)
Oct 22 21:37:48 kernel: [    0.119455] PCI: MMCONFIG at [mem 0xfc000000-0xfcffffff] reserved in ACPI motherboard resources
Oct 22 21:37:48 kernel: [    0.119455] PCI: Using host bridge windows from ACPI; if necessary, use "pci=nocrs" and report a bug
Oct 22 21:37:48 kernel: [    0.119455] ACPI: Enabled 3 GPEs in block 00 to 0F
Oct 22 21:37:48 kernel: [    0.126607] ACPI: PCI Root Bridge [PCI0] (domain 0000 [bus 00-7f])
Oct 22 21:37:48 kernel: [    0.126613] acpi PNP0A08:00: _OSC: OS supports [ExtendedConfig ASPM ClockPM Segments MSI]
Oct 22 21:37:48 kernel: [    0.126615] acpi PNP0A08:00: _OSC failed (AE_NOT_FOUND); disabling ASPM
Oct 22 21:37:48 kernel: [    0.126620] acpi PNP0A08:00: [Firmware Info]: MMCONFIG for domain 0000 [bus 00-0f] only partially covers this bridge
Oct 22 21:37:48 kernel: [    0.126628] acpi PNP0A08:00: ignoring host bridge window [mem 0x000d0000-0x000dffff window] (conflicts with Reserved [mem 0x000dc000-0x000fffff])
Oct 22 21:37:48 kernel: [    0.126718] PCI host bridge to bus 0000:00
Oct 22 21:37:48 kernel: [    0.126720] pci_bus 0000:00: root bus resource [io  0x0000-0x0cf7 window]
Oct 22 21:37:48 kernel: [    0.126721] pci_bus 0000:00: root bus resource [io  0x0d00-0xffff window]
Oct 22 21:37:48 kernel: [    0.126722] pci_bus 0000:00: root bus resource [mem 0x000a0000-0x000bffff window]
Oct 22 21:37:48 kernel: [    0.126723] pci_bus 0000:00: root bus resource [mem 0x000c0000-0x000cffff window]
Oct 22 21:37:48 kernel: [    0.126724] pci_bus 0000:00: root bus resource [mem 0xb0000000-0xfebfffff window]
Oct 22 21:37:48 kernel: [    0.126725] pci_bus 0000:00: root bus resource [bus 00-7f]
Oct 22 21:37:48 kernel: [    0.126734] pci 0000:00:00.0: [8086:29a0] type 00 class 0x060000
Oct 22 21:37:48 kernel: [    0.126849] pci 0000:00:01.0: [8086:2981] type 01 class 0x060401
Oct 22 21:37:48 kernel: [    0.126927] pci 0000:00:01.0: PME# supported from D0 D3hot D3cold
Oct 22 21:37:48 kernel: [    0.126986] pci 0000:00:03.0: [1ab8:4000] type 00 class 0xff0000
Oct 22 21:37:48 kernel: [    0.127001] pci 0000:00:03.0: reg 0x10: [io  0x8000-0x801f]
Oct 22 21:37:48 kernel: [    0.127097] pci 0000:00:05.0: [1af4:1000] type 00 class 0x020000
Oct 22 21:37:48 kernel: [    0.127145] pci 0000:00:05.0: reg 0x10: [io  0x8200-0x823f]
Oct 22 21:37:48 kernel: [    0.127174] pci 0000:00:05.0: reg 0x14: [mem 0xee000000-0xee000fff]
Oct 22 21:37:48 kernel: [    0.127436] pci 0000:00:0a.0: [1011:0022] type 01 class 0x060400
Oct 22 21:37:48 kernel: [    0.127499] pci 0000:00:0e.0: [1af4:1002] type 00 class 0x050000
Oct 22 21:37:48 kernel: [    0.127513] pci 0000:00:0e.0: reg 0x10: [io  0xb000-0xb01f]
Oct 22 21:37:48 kernel: [    0.127595] pci 0000:00:1d.0: [8086:2658] type 00 class 0x0c0300
Oct 22 21:37:48 kernel: [    0.127632] pci 0000:00:1d.0: reg 0x20: [io  0xb200-0xb21f]
Oct 22 21:37:48 kernel: [    0.127687] pci 0000:00:1d.6: [1033:0194] type 00 class 0x0c0330
Oct 22 21:37:48 kernel: [    0.127735] pci 0000:00:1d.6: reg 0x10: [mem 0xef100000-0xef100fff]
Oct 22 21:37:48 kernel: [    0.127976] pci 0000:00:1d.7: [8086:265c] type 00 class 0x0c0320
Oct 22 21:37:48 kernel: [    0.128017] pci 0000:00:1d.7: reg 0x10: [mem 0xef140000-0xef1403ff]
Oct 22 21:37:48 kernel: [    0.128230] pci 0000:00:1e.0: [8086:244e] type 01 class 0x060400
Oct 22 21:37:48 kernel: [    0.128313] pci 0000:00:1f.0: [8086:2810] type 00 class 0x060100
Oct 22 21:37:48 kernel: [    0.128365] pci 0000:00:1f.0: quirk: [io  0x4000-0x407f] claimed by ICH6 ACPI/GPIO/TCO
Oct 22 21:37:48 kernel: [    0.128420] pci 0000:00:1f.1: [8086:244b] type 00 class 0x010180
Oct 22 21:37:48 kernel: [    0.128459] pci 0000:00:1f.1: reg 0x20: [io  0xe000-0xe00f]
Oct 22 21:37:48 kernel: [    0.128474] pci 0000:00:1f.1: legacy IDE quirk: reg 0x10: [io  0x01f0-0x01f7]
Oct 22 21:37:48 kernel: [    0.128475] pci 0000:00:1f.1: legacy IDE quirk: reg 0x14: [io  0x03f6]
Oct 22 21:37:48 kernel: [    0.128476] pci 0000:00:1f.1: legacy IDE quirk: reg 0x18: [io  0x0170-0x0177]
Oct 22 21:37:48 kernel: [    0.128477] pci 0000:00:1f.1: legacy IDE quirk: reg 0x1c: [io  0x0376]
Oct 22 21:37:48 kernel: [    0.128547] pci 0000:00:1f.2: [8086:2821] type 00 class 0x010601
Oct 22 21:37:48 kernel: [    0.128604] pci 0000:00:1f.2: reg 0x10: [io  0xe200-0xe207]
Oct 22 21:37:48 kernel: [    0.128672] pci 0000:00:1f.2: reg 0x14: [io  0xe400-0xe403]
Oct 22 21:37:48 kernel: [    0.128704] pci 0000:00:1f.2: reg 0x18: [io  0xe600-0xe607]
Oct 22 21:37:48 kernel: [    0.128776] pci 0000:00:1f.2: reg 0x1c: [io  0xe800-0xe803]
Oct 22 21:37:48 kernel: [    0.128868] pci 0000:00:1f.2: reg 0x20: [io  0xea00-0xea0f]
Oct 22 21:37:48 kernel: [    0.128905] pci 0000:00:1f.2: reg 0x24: [mem 0xf0200000-0xf0201fff]
Oct 22 21:37:48 kernel: [    0.128972] pci 0000:00:1f.2: PME# supported from D3hot
Oct 22 21:37:48 kernel: [    0.129021] pci 0000:00:1f.3: [8086:283e] type 00 class 0x0c0500
Oct 22 21:37:48 kernel: [    0.129086] pci 0000:00:1f.3: reg 0x10: [mem 0xf0240000-0xf0240fff]
Oct 22 21:37:48 kernel: [    0.129295] pci 0000:00:1f.3: reg 0x20: [io  0xec00-0xec1f]
Oct 22 21:37:48 kernel: [    0.129461] pci 0000:00:1f.4: [8086:2445] type 00 class 0x040100
Oct 22 21:37:48 kernel: [    0.129481] pci 0000:00:1f.4: reg 0x10: [io  0xee00-0xeeff]
Oct 22 21:37:48 kernel: [    0.129495] pci 0000:00:1f.4: reg 0x14: [io  0xf000-0xf0ff]
Oct 22 21:37:48 kernel: [    0.129652] pci 0000:01:00.0: [1af4:1050] type 00 class 0x030000
Oct 22 21:37:48 kernel: [    0.130387] pci 0000:01:00.0: reg 0x10: [mem 0xb0000000-0xb3ffffff pref]
Oct 22 21:37:48 kernel: [    0.131160] pci 0000:01:00.0: reg 0x14: [mem 0xe2000000-0xe2000fff]
Oct 22 21:37:48 kernel: [    0.131987] pci 0000:01:00.0: reg 0x18: [io  0x6000-0x601f]
Oct 22 21:37:48 kernel: [    0.133276] pci 0000:01:00.0: reg 0x20: [mem 0xe2040000-0xe2043fff]
Oct 22 21:37:48 kernel: [    0.134293] pci 0000:01:00.0: reg 0x30: [mem 0xe2080000-0xe208ffff pref]
Oct 22 21:37:48 kernel: [    0.134437] pci 0000:00:01.0: PCI bridge to [bus 01] (subtractive decode)
Oct 22 21:37:48 kernel: [    0.134443] pci 0000:00:01.0:   bridge window [io  0x6000-0x7fff]
Oct 22 21:37:48 kernel: [    0.134447] pci 0000:00:01.0:   bridge window [mem 0xe2000000-0xedffffff]
Oct 22 21:37:48 kernel: [    0.134457] pci 0000:00:01.0:   bridge window [mem 0xb0000000-0xdfffffff 64bit pref]
Oct 22 21:37:48 kernel: [    0.134459] pci 0000:00:01.0:   bridge window [io  0x0000-0x0cf7 window] (subtractive decode)
Oct 22 21:37:48 kernel: [    0.134461] pci 0000:00:01.0:   bridge window [io  0x0d00-0xffff window] (subtractive decode)
Oct 22 21:37:48 kernel: [    0.134463] pci 0000:00:01.0:   bridge window [mem 0x000a0000-0x000bffff window] (subtractive decode)
Oct 22 21:37:48 kernel: [    0.134465] pci 0000:00:01.0:   bridge window [mem 0x000c0000-0x000cffff window] (subtractive decode)
Oct 22 21:37:48 kernel: [    0.134467] pci 0000:00:01.0:   bridge window [mem 0xb0000000-0xfebfffff window] (subtractive decode)
Oct 22 21:37:48 kernel: [    0.134485] pci_bus 0000:02: extended config space not accessible
Oct 22 21:37:48 kernel: [    0.134553] pci 0000:00:0a.0: PCI bridge to [bus 02]
Oct 22 21:37:48 kernel: [    0.134557] pci 0000:00:0a.0:   bridge window [io  0x9000-0xafff]
Oct 22 21:37:48 kernel: [    0.134565] pci 0000:00:0a.0:   bridge window [mem 0xee100000-0xef0fffff]
Oct 22 21:37:48 kernel: [    0.134569] pci 0000:00:0a.0:   bridge window [mem 0xe0000000-0xe0ffffff pref]
Oct 22 21:37:48 kernel: [    0.134599] pci_bus 0000:03: extended config space not accessible
Oct 22 21:37:48 kernel: [    0.134737] pci 0000:00:1e.0: PCI bridge to [bus 03] (subtractive decode)
Oct 22 21:37:48 kernel: [    0.134741] pci 0000:00:1e.0:   bridge window [io  0xc000-0xdfff]
Oct 22 21:37:48 kernel: [    0.134747] pci 0000:00:1e.0:   bridge window [mem 0xef200000-0xf01fffff]
Oct 22 21:37:48 kernel: [    0.134755] pci 0000:00:1e.0:   bridge window [mem 0xe1000000-0xe1ffffff 64bit pref]
Oct 22 21:37:48 kernel: [    0.134757] pci 0000:00:1e.0:   bridge window [io  0x0000-0x0cf7 window] (subtractive decode)
Oct 22 21:37:48 kernel: [    0.134759] pci 0000:00:1e.0:   bridge window [io  0x0d00-0xffff window] (subtractive decode)
Oct 22 21:37:48 kernel: [    0.134761] pci 0000:00:1e.0:   bridge window [mem 0x000a0000-0x000bffff window] (subtractive decode)
Oct 22 21:37:48 kernel: [    0.134763] pci 0000:00:1e.0:   bridge window [mem 0x000c0000-0x000cffff window] (subtractive decode)
Oct 22 21:37:48 kernel: [    0.134765] pci 0000:00:1e.0:   bridge window [mem 0xb0000000-0xfebfffff window] (subtractive decode)
Oct 22 21:37:48 kernel: [    0.134813] ACPI Error: AE_NOT_FOUND, Evaluating _CRS (20180810/pci_link-274)
Oct 22 21:37:48 kernel: [    0.134831] ACPI: PCI Interrupt Link [LNKA] (IRQs) *0, disabled.
Oct 22 21:37:48 kernel: [    0.135816] ACPI: EC: interrupt unblocked
Oct 22 21:37:48 kernel: [    0.135822] ACPI: EC: event unblocked
Oct 22 21:37:48 kernel: [    0.135835] ACPI: \_SB_.PCI0.PX40.EC__: GPE=0xa, EC_CMD/EC_SC=0x66, EC_DATA=0x62
Oct 22 21:37:48 kernel: [    0.135836] ACPI: \_SB_.PCI0.PX40.EC__: Used as boot DSDT EC to handle transactions and events
Oct 22 21:37:48 kernel: [    0.135876] pci 0000:01:00.0: vgaarb: setting as boot VGA device
Oct 22 21:37:48 kernel: [    0.135876] pci 0000:01:00.0: vgaarb: VGA device added: decodes=io+mem,owns=io+mem,locks=none
Oct 22 21:37:48 kernel: [    0.135876] pci 0000:01:00.0: vgaarb: bridge control possible
Oct 22 21:37:48 kernel: [    0.135876] vgaarb: loaded
Oct 22 21:37:48 kernel: [    0.135876] pps_core: LinuxPPS API ver. 1 registered
Oct 22 21:37:48 kernel: [    0.135876] pps_core: Software ver. 5.3.6 - Copyright 2005-2007 Rodolfo Giometti <giometti@linux.it>
Oct 22 21:37:48 kernel: [    0.135876] PTP clock support registered
Oct 22 21:37:48 kernel: [    0.135876] EDAC MC: Ver: 3.0.0
Oct 22 21:37:48 kernel: [    0.135876] PCI: Using ACPI for IRQ routing
Oct 22 21:37:48 kernel: [    0.135876] PCI: pci_cache_line_size set to 64 bytes
Oct 22 21:37:48 kernel: [    0.135876] e820: reserve RAM buffer [mem 0x0009fc00-0x0009ffff]
Oct 22 21:37:48 kernel: [    0.135876] e820: reserve RAM buffer [mem 0x7ffec000-0x7fffffff]
Oct 22 21:37:48 kernel: [    0.135876] hpet0: at MMIO 0xfed00000, IRQs 2, 8, 0, 0, 0, 0, 0, 0
Oct 22 21:37:48 kernel: [    0.135876] hpet0: 8 comparators, 64-bit 16.000000 MHz counter
Oct 22 21:37:48 kernel: [    0.138201] clocksource: Switched to clocksource kvm-clock
Oct 22 21:37:48 kernel: [    0.146420] VFS: Disk quotas dquot_6.6.0
Oct 22 21:37:48 kernel: [    0.146465] VFS: Dquot-cache hash table entries: 512 (order 0, 4096 bytes)
Oct 22 21:37:48 kernel: [    0.146572] AppArmor: AppArmor Filesystem Enabled
Oct 22 21:37:48 kernel: [    0.146584] pnp: PnP ACPI init
Oct 22 21:37:48 kernel: [    0.146841] pnp 00:00: Plug and Play ACPI device, IDs PNP0303 (active)
Oct 22 21:37:48 kernel: [    0.146873] pnp 00:01: Plug and Play ACPI device, IDs PNP0f03 (active)
Oct 22 21:37:48 kernel: [    0.146937] pnp 00:02: Plug and Play ACPI device, IDs PNP0b00 (active)
Oct 22 21:37:48 kernel: [    0.146994] system 00:03: [mem 0xff000000-0xffffffff] could not be reserved
Oct 22 21:37:48 kernel: [    0.147011] system 00:03: Plug and Play ACPI device, IDs PNP0c01 (active)
Oct 22 21:37:48 kernel: [    0.147035] system 00:04: [io  0x04d0-0x04d1] has been reserved
Oct 22 21:37:48 kernel: [    0.147037] system 00:04: [mem 0xfc000000-0xfcffffff] has been reserved
Oct 22 21:37:48 kernel: [    0.147039] system 00:04: Plug and Play ACPI device, IDs PNP0c02 (active)
Oct 22 21:37:48 kernel: [    0.172543] pnp: PnP ACPI: found 5 devices
Oct 22 21:37:48 kernel: [    0.181710] clocksource: acpi_pm: mask: 0xffffff max_cycles: 0xffffff, max_idle_ns: 2085701024 ns
Oct 22 21:37:48 kernel: [    0.181723] pci 0000:00:01.0: PCI bridge to [bus 01]
Oct 22 21:37:48 kernel: [    0.181727] pci 0000:00:01.0:   bridge window [io  0x6000-0x7fff]
Oct 22 21:37:48 kernel: [    0.181732] pci 0000:00:01.0:   bridge window [mem 0xe2000000-0xedffffff]
Oct 22 21:37:48 kernel: [    0.181735] pci 0000:00:01.0:   bridge window [mem 0xb0000000-0xdfffffff 64bit pref]
Oct 22 21:37:48 kernel: [    0.181740] pci 0000:00:0a.0: PCI bridge to [bus 02]
Oct 22 21:37:48 kernel: [    0.181742] pci 0000:00:0a.0:   bridge window [io  0x9000-0xafff]
Oct 22 21:37:48 kernel: [    0.181746] pci 0000:00:0a.0:   bridge window [mem 0xee100000-0xef0fffff]
Oct 22 21:37:48 kernel: [    0.181749] pci 0000:00:0a.0:   bridge window [mem 0xe0000000-0xe0ffffff pref]
Oct 22 21:37:48 kernel: [    0.181754] pci 0000:00:1e.0: PCI bridge to [bus 03]
Oct 22 21:37:48 kernel: [    0.181756] pci 0000:00:1e.0:   bridge window [io  0xc000-0xdfff]
Oct 22 21:37:48 kernel: [    0.181759] pci 0000:00:1e.0:   bridge window [mem 0xef200000-0xf01fffff]
Oct 22 21:37:48 kernel: [    0.181762] pci 0000:00:1e.0:   bridge window [mem 0xe1000000-0xe1ffffff 64bit pref]
Oct 22 21:37:48 kernel: [    0.181768] pci_bus 0000:00: resource 4 [io  0x0000-0x0cf7 window]
Oct 22 21:37:48 kernel: [    0.181769] pci_bus 0000:00: resource 5 [io  0x0d00-0xffff window]
Oct 22 21:37:48 kernel: [    0.181770] pci_bus 0000:00: resource 6 [mem 0x000a0000-0x000bffff window]
Oct 22 21:37:48 kernel: [    0.181772] pci_bus 0000:00: resource 7 [mem 0x000c0000-0x000cffff window]
Oct 22 21:37:48 kernel: [    0.181773] pci_bus 0000:00: resource 8 [mem 0xb0000000-0xfebfffff window]
Oct 22 21:37:48 kernel: [    0.181774] pci_bus 0000:01: resource 0 [io  0x6000-0x7fff]
Oct 22 21:37:48 kernel: [    0.181775] pci_bus 0000:01: resource 1 [mem 0xe2000000-0xedffffff]
Oct 22 21:37:48 kernel: [    0.181776] pci_bus 0000:01: resource 2 [mem 0xb0000000-0xdfffffff 64bit pref]
Oct 22 21:37:48 kernel: [    0.181777] pci_bus 0000:01: resource 4 [io  0x0000-0x0cf7 window]
Oct 22 21:37:48 kernel: [    0.181779] pci_bus 0000:01: resource 5 [io  0x0d00-0xffff window]
Oct 22 21:37:48 kernel: [    0.181780] pci_bus 0000:01: resource 6 [mem 0x000a0000-0x000bffff window]
Oct 22 21:37:48 kernel: [    0.181781] pci_bus 0000:01: resource 7 [mem 0x000c0000-0x000cffff window]
Oct 22 21:37:48 kernel: [    0.181782] pci_bus 0000:01: resource 8 [mem 0xb0000000-0xfebfffff window]
Oct 22 21:37:48 kernel: [    0.181783] pci_bus 0000:02: resource 0 [io  0x9000-0xafff]
Oct 22 21:37:48 kernel: [    0.181784] pci_bus 0000:02: resource 1 [mem 0xee100000-0xef0fffff]
Oct 22 21:37:48 kernel: [    0.181785] pci_bus 0000:02: resource 2 [mem 0xe0000000-0xe0ffffff pref]
Oct 22 21:37:48 kernel: [    0.181787] pci_bus 0000:03: resource 0 [io  0xc000-0xdfff]
Oct 22 21:37:48 kernel: [    0.181788] pci_bus 0000:03: resource 1 [mem 0xef200000-0xf01fffff]
Oct 22 21:37:48 kernel: [    0.181789] pci_bus 0000:03: resource 2 [mem 0xe1000000-0xe1ffffff 64bit pref]
Oct 22 21:37:48 kernel: [    0.181790] pci_bus 0000:03: resource 4 [io  0x0000-0x0cf7 window]
Oct 22 21:37:48 kernel: [    0.181791] pci_bus 0000:03: resource 5 [io  0x0d00-0xffff window]
Oct 22 21:37:48 kernel: [    0.181792] pci_bus 0000:03: resource 6 [mem 0x000a0000-0x000bffff window]
Oct 22 21:37:48 kernel: [    0.181793] pci_bus 0000:03: resource 7 [mem 0x000c0000-0x000cffff window]
Oct 22 21:37:48 kernel: [    0.181795] pci_bus 0000:03: resource 8 [mem 0xb0000000-0xfebfffff window]
Oct 22 21:37:48 kernel: [    0.181859] NET: Registered protocol family 2
Oct 22 21:37:48 kernel: [    0.182482] tcp_listen_portaddr_hash hash table entries: 1024 (order: 2, 16384 bytes)
Oct 22 21:37:48 kernel: [    0.182491] TCP established hash table entries: 16384 (order: 5, 131072 bytes)
Oct 22 21:37:48 kernel: [    0.182535] TCP bind hash table entries: 16384 (order: 6, 262144 bytes)
Oct 22 21:37:48 kernel: [    0.182590] TCP: Hash tables configured (established 16384 bind 16384)
Oct 22 21:37:48 kernel: [    0.182648] UDP hash table entries: 1024 (order: 3, 32768 bytes)
Oct 22 21:37:48 kernel: [    0.182660] UDP-Lite hash table entries: 1024 (order: 3, 32768 bytes)
Oct 22 21:37:48 kernel: [    0.182740] NET: Registered protocol family 1
Oct 22 21:37:48 kernel: [    0.182745] NET: Registered protocol family 44
Oct 22 21:37:48 kernel: [    0.204123] pci 0000:00:1d.0: quirk_usb_early_handoff+0x0/0x6c1 took 20742 usecs
Oct 22 21:37:48 kernel: [    0.204901] pci 0000:01:00.0: Video device with shadowed ROM at [mem 0x000c0000-0x000dffff]
Oct 22 21:37:48 kernel: [    0.204909] PCI: CLS 0 bytes, default 64
Oct 22 21:37:48 kernel: [    0.205081] Unpacking initramfs...
Oct 22 21:37:48 kernel: [    0.748765] Freeing initrd memory: 45480K
Oct 22 21:37:48 kernel: [    0.748839] clocksource: tsc: mask: 0xffffffffffffffff max_cycles: 0x22983777dd9, max_idle_ns: 440795300422 ns
Oct 22 21:37:48 kernel: [    0.749483] Initialise system trusted keyrings
Oct 22 21:37:48 kernel: [    0.749492] Key type blacklist registered
Oct 22 21:37:48 kernel: [    0.749578] workingset: timestamp_bits=40 max_order=19 bucket_order=0
Oct 22 21:37:48 kernel: [    0.750292] zbud: loaded
Oct 22 21:37:48 kernel: [    0.840865] Key type asymmetric registered
Oct 22 21:37:48 kernel: [    0.840868] Asymmetric key parser 'x509' registered
Oct 22 21:37:48 kernel: [    0.840878] Block layer SCSI generic (bsg) driver version 0.4 loaded (major 247)
Oct 22 21:37:48 kernel: [    0.840941] io scheduler noop registered
Oct 22 21:37:48 kernel: [    0.840943] io scheduler deadline registered
Oct 22 21:37:48 kernel: [    0.840971] io scheduler cfq registered (default)
Oct 22 21:37:48 kernel: [    0.840972] io scheduler mq-deadline registered
Oct 22 21:37:48 kernel: [    0.841133] shpchp: Standard Hot Plug PCI Controller Driver version: 0.4
Oct 22 21:37:48 kernel: [    0.841143] vesafb: mode is 800x600x16, linelength=1600, pages=0
Oct 22 21:37:48 kernel: [    0.841143] vesafb: scrolling: redraw
Oct 22 21:37:48 kernel: [    0.841144] vesafb: Truecolor: size=0:5:6:5, shift=0:11:5:0
Oct 22 21:37:48 kernel: [    0.841152] vesafb: framebuffer at 0xb0000000, mapped to 0x0000000078c53fe7, using 1875k, total 65536k
Oct 22 21:37:48 kernel: [    0.841664] Console: switching to colour frame buffer device 100x37
Oct 22 21:37:48 kernel: [    0.841925] fb0: VESA VGA frame buffer device
Oct 22 21:37:48 kernel: [    0.841936] intel_idle: Please enable MWAIT in BIOS SETUP
Oct 22 21:37:48 kernel: [    0.842077] Serial: 8250/16550 driver, 4 ports, IRQ sharing enabled
Oct 22 21:37:48 kernel: [    0.842408] Linux agpgart interface v0.103
Oct 22 21:37:48 kernel: [    0.842470] AMD IOMMUv2 driver by Joerg Roedel <jroedel@suse.de>
Oct 22 21:37:48 kernel: [    0.842471] AMD IOMMUv2 functionality not available on this system
Oct 22 21:37:48 kernel: [    0.842585] i8042: PNP: PS/2 Controller [PNP0303:KBC,PNP0f03:PS2M] at 0x60,0x64 irq 1,12
Oct 22 21:37:48 kernel: [    0.842831] serio: i8042 KBD port at 0x60,0x64 irq 1
Oct 22 21:37:48 kernel: [    0.842835] serio: i8042 AUX port at 0x60,0x64 irq 12
Oct 22 21:37:48 kernel: [    0.842943] mousedev: PS/2 mouse device common for all mice
Oct 22 21:37:48 kernel: [    0.843314] input: AT Translated Set 2 keyboard as /devices/platform/i8042/serio0/input/input0
Oct 22 21:37:48 kernel: [    0.843434] rtc_cmos 00:02: registered as rtc0
Oct 22 21:37:48 kernel: [    0.843444] rtc_cmos 00:02: alarms up to one day, y3k, 242 bytes nvram, hpet irqs
Oct 22 21:37:48 kernel: [    0.843485] ledtrig-cpu: registered to indicate activity on CPUs
Oct 22 21:37:48 kernel: [    0.843695] NET: Registered protocol family 10
Oct 22 21:37:48 kernel: [    0.847153] Segment Routing with IPv6
Oct 22 21:37:48 kernel: [    0.847165] mip6: Mobile IPv6
Oct 22 21:37:48 kernel: [    0.847168] NET: Registered protocol family 17
Oct 22 21:37:48 kernel: [    0.847197] mpls_gso: MPLS GSO support
Oct 22 21:37:48 kernel: [    0.847267] mce: Using 0 MCE banks
Oct 22 21:37:48 kernel: [    0.847279] sched_clock: Marking stable (849895650, -2638000)->(848388695, -1131045)
Oct 22 21:37:48 kernel: [    0.847535] registered taskstats version 1
Oct 22 21:37:48 kernel: [    0.847535] Loading compiled-in X.509 certificates
Oct 22 21:37:48 kernel: [    0.867446] Loaded X.509 cert 'Debian Secure Boot CA: 6ccece7e4c6c0d1f6149f3dd27dfcc5cbb419ea1'
Oct 22 21:37:48 kernel: [    0.867458] Loaded X.509 cert 'Debian Secure Boot Signer 2020: 00b55eb3b9'
Oct 22 21:37:48 kernel: [    0.867477] zswap: loaded using pool lzo/zbud
Oct 22 21:37:48 kernel: [    0.867836] AppArmor: AppArmor sha1 policy hashing enabled
Oct 22 21:37:48 kernel: [    0.868529] rtc_cmos 00:02: setting system clock to 2020-10-22 21:37:46 UTC (1603402666)
Oct 22 21:37:48 kernel: [    0.869856] Freeing unused kernel image memory: 1592K
Oct 22 21:37:48 kernel: [    0.886569] Write protecting the kernel read-only data: 16384k
Oct 22 21:37:48 kernel: [    0.887224] Freeing unused kernel image memory: 2028K
Oct 22 21:37:48 kernel: [    0.887840] Freeing unused kernel image memory: 776K
Oct 22 21:37:48 kernel: [    0.892468] x86/mm: Checked W+X mappings: passed, no W+X pages found.
Oct 22 21:37:48 kernel: [    0.892469] x86/mm: Checking user space page tables
Oct 22 21:37:48 kernel: [    0.896405] x86/mm: Checked W+X mappings: passed, no W+X pages found.
Oct 22 21:37:48 kernel: [    0.896408] Run /init as init process
Oct 22 21:37:48 kernel: [    0.939147] virtio-pci 0000:00:05.0: virtio_pci: leaving for legacy driver
Oct 22 21:37:48 kernel: [    0.939433] virtio-pci 0000:00:0e.0: virtio_pci: leaving for legacy driver
Oct 22 21:37:48 kernel: [    0.954443] ACPI: bus type USB registered
Oct 22 21:37:48 kernel: [    0.954456] usbcore: registered new interface driver usbfs
Oct 22 21:37:48 kernel: [    0.954459] usbcore: registered new interface driver hub
Oct 22 21:37:48 kernel: [    0.954479] usbcore: registered new device driver usb
Oct 22 21:37:48 kernel: [    0.969635] SCSI subsystem initialized
Oct 22 21:37:48 kernel: [    0.971063] ehci_hcd: USB 2.0 'Enhanced' Host Controller (EHCI) Driver
Oct 22 21:37:48 kernel: [    0.972233] uhci_hcd: USB Universal Host Controller Interface driver
Oct 22 21:37:48 kernel: [    0.972334] uhci_hcd 0000:00:1d.0: UHCI Host Controller
Oct 22 21:37:48 kernel: [    0.972339] uhci_hcd 0000:00:1d.0: new USB bus registered, assigned bus number 1
Oct 22 21:37:48 kernel: [    0.972344] uhci_hcd 0000:00:1d.0: detected 2 ports
Oct 22 21:37:48 kernel: [    0.972572] uhci_hcd 0000:00:1d.0: irq 18, io base 0x0000b200
Oct 22 21:37:48 kernel: [    0.982271] usb usb1: New USB device found, idVendor=1d6b, idProduct=0001, bcdDevice= 4.19
Oct 22 21:37:48 kernel: [    0.982272] usb usb1: New USB device strings: Mfr=3, Product=2, SerialNumber=1
Oct 22 21:37:48 kernel: [    0.982272] usb usb1: Product: UHCI Host Controller
Oct 22 21:37:48 kernel: [    0.982273] usb usb1: Manufacturer: Linux 4.19.0-11-amd64 uhci_hcd
Oct 22 21:37:48 kernel: [    0.982273] usb usb1: SerialNumber: 0000:00:1d.0
Oct 22 21:37:48 kernel: [    0.982326] hub 1-0:1.0: USB hub found
Oct 22 21:37:48 kernel: [    0.982329] hub 1-0:1.0: 2 ports detected
Oct 22 21:37:48 kernel: [    0.983473] xhci_hcd 0000:00:1d.6: xHCI Host Controller
Oct 22 21:37:48 kernel: [    0.983475] xhci_hcd 0000:00:1d.6: new USB bus registered, assigned bus number 2
Oct 22 21:37:48 kernel: [    0.983694] xhci_hcd 0000:00:1d.6: hcc params 0x01c15001 hci version 0x100 quirks 0x0000000000000014
Oct 22 21:37:48 kernel: [    0.983699] xhci_hcd 0000:00:1d.6: cache line size of 64 is not supported
Oct 22 21:37:48 kernel: [    0.985332] snd_intel8x0 0000:00:1f.4: enable Parallels VM optimization
Oct 22 21:37:48 kernel: [    0.986180] usb usb2: New USB device found, idVendor=1d6b, idProduct=0002, bcdDevice= 4.19
Oct 22 21:37:48 kernel: [    0.986181] usb usb2: New USB device strings: Mfr=3, Product=2, SerialNumber=1
Oct 22 21:37:48 kernel: [    0.986182] usb usb2: Product: xHCI Host Controller
Oct 22 21:37:48 kernel: [    0.986182] usb usb2: Manufacturer: Linux 4.19.0-11-amd64 xhci-hcd
Oct 22 21:37:48 kernel: [    0.986183] usb usb2: SerialNumber: 0000:00:1d.6
Oct 22 21:37:48 kernel: [    0.986263] hub 2-0:1.0: USB hub found
Oct 22 21:37:48 kernel: [    0.986291] hub 2-0:1.0: 2 ports detected
Oct 22 21:37:48 kernel: [    0.986574] xhci_hcd 0000:00:1d.6: xHCI Host Controller
Oct 22 21:37:48 kernel: [    0.986576] xhci_hcd 0000:00:1d.6: new USB bus registered, assigned bus number 3
Oct 22 21:37:48 kernel: [    0.986578] xhci_hcd 0000:00:1d.6: Host supports USB 3.0 SuperSpeed
Oct 22 21:37:48 kernel: [    0.986639] usb usb3: We don't know the algorithms for LPM for this host, disabling LPM.
Oct 22 21:37:48 kernel: [    0.986652] usb usb3: New USB device found, idVendor=1d6b, idProduct=0003, bcdDevice= 4.19
Oct 22 21:37:48 kernel: [    0.986653] usb usb3: New USB device strings: Mfr=3, Product=2, SerialNumber=1
Oct 22 21:37:48 kernel: [    0.986654] usb usb3: Product: xHCI Host Controller
Oct 22 21:37:48 kernel: [    0.986654] usb usb3: Manufacturer: Linux 4.19.0-11-amd64 xhci-hcd
Oct 22 21:37:48 kernel: [    0.986655] usb usb3: SerialNumber: 0000:00:1d.6
Oct 22 21:37:48 kernel: [    0.986710] hub 3-0:1.0: USB hub found
Oct 22 21:37:48 kernel: [    0.986728] hub 3-0:1.0: 12 ports detected
Oct 22 21:37:48 kernel: [    0.988864] libata version 3.00 loaded.
Oct 22 21:37:48 kernel: [    0.990566] ehci-pci: EHCI PCI platform driver
Oct 22 21:37:48 kernel: [    0.991724] ahci 0000:00:1f.2: version 3.0
Oct 22 21:37:48 kernel: [    0.991838] ahci 0000:00:1f.2: SSS flag set, parallel bus scan disabled
Oct 22 21:37:48 kernel: [    0.991894] ahci 0000:00:1f.2: AHCI 0001.0100 32 slots 6 ports 3 Gbps 0x3f impl SATA mode
Oct 22 21:37:48 kernel: [    0.991895] ahci 0000:00:1f.2: flags: 64bit ncq stag pm led only slum part 
Oct 22 21:37:48 kernel: [    0.992581] scsi host0: ahci
Oct 22 21:37:48 kernel: [    0.992690] scsi host1: ahci
Oct 22 21:37:48 kernel: [    0.992745] scsi host2: ahci
Oct 22 21:37:48 kernel: [    0.992802] scsi host3: ahci
Oct 22 21:37:48 kernel: [    0.992858] scsi host4: ahci
Oct 22 21:37:48 kernel: [    0.992923] scsi host5: ahci
Oct 22 21:37:48 kernel: [    0.992974] ata1: SATA max UDMA/133 abar m8192@0xf0200000 port 0xf0200100 irq 25
Oct 22 21:37:48 kernel: [    0.992975] ata2: SATA max UDMA/133 abar m8192@0xf0200000 port 0xf0200180 irq 25
Oct 22 21:37:48 kernel: [    0.992975] ata3: SATA max UDMA/133 abar m8192@0xf0200000 port 0xf0200200 irq 25
Oct 22 21:37:48 kernel: [    0.992976] ata4: SATA max UDMA/133 abar m8192@0xf0200000 port 0xf0200280 irq 25
Oct 22 21:37:48 kernel: [    0.992976] ata5: SATA max UDMA/133 abar m8192@0xf0200000 port 0xf0200300 irq 25
Oct 22 21:37:48 kernel: [    0.992977] ata6: SATA max UDMA/133 abar m8192@0xf0200000 port 0xf0200380 irq 25
Oct 22 21:37:48 kernel: [    0.993208] ehci-pci 0000:00:1d.7: EHCI Host Controller
Oct 22 21:37:48 kernel: [    0.993212] ehci-pci 0000:00:1d.7: new USB bus registered, assigned bus number 4
Oct 22 21:37:48 kernel: [    0.993280] ehci-pci 0000:00:1d.7: Enabling legacy PCI PM
Oct 22 21:37:48 kernel: [    0.993288] ehci-pci 0000:00:1d.7: cache line size of 64 is not supported
Oct 22 21:37:48 kernel: [    0.993306] ehci-pci 0000:00:1d.7: irq 19, io mem 0xef140000
Oct 22 21:37:48 kernel: [    0.996344] ata_piix 0000:00:1f.1: version 2.13
Oct 22 21:37:48 kernel: [    1.001300] scsi host6: ata_piix
Oct 22 21:37:48 kernel: [    1.001477] scsi host7: ata_piix
Oct 22 21:37:48 kernel: [    1.001501] ata7: PATA max UDMA/100 cmd 0x1f0 ctl 0x3f6 bmdma 0xe000 irq 14
Oct 22 21:37:48 kernel: [    1.001502] ata8: PATA max UDMA/100 cmd 0x170 ctl 0x376 bmdma 0xe008 irq 15
Oct 22 21:37:48 kernel: [    1.006402] ehci-pci 0000:00:1d.7: USB 2.0 started, EHCI 1.00
Oct 22 21:37:48 kernel: [    1.006540] usb usb4: New USB device found, idVendor=1d6b, idProduct=0002, bcdDevice= 4.19
Oct 22 21:37:48 kernel: [    1.006541] usb usb4: New USB device strings: Mfr=3, Product=2, SerialNumber=1
Oct 22 21:37:48 kernel: [    1.006542] usb usb4: Product: EHCI Host Controller
Oct 22 21:37:48 kernel: [    1.006542] usb usb4: Manufacturer: Linux 4.19.0-11-amd64 ehci_hcd
Oct 22 21:37:48 kernel: [    1.006542] usb usb4: SerialNumber: 0000:00:1d.7
Oct 22 21:37:48 kernel: [    1.006703] hub 4-0:1.0: USB hub found
Oct 22 21:37:48 kernel: [    1.006737] hub 4-0:1.0: 15 ports detected
Oct 22 21:37:48 kernel: [    1.019427] [drm] pci: virtio-vga detected at 0000:01:00.0
Oct 22 21:37:48 kernel: [    1.019429] checking generic (b0000000 4000000) vs hw (b0000000 4000000)
Oct 22 21:37:48 kernel: [    1.019429] fb: switching to virtiodrmfb from VESA VGA
Oct 22 21:37:48 kernel: [    1.019440] Console: switching to colour dummy device 80x25
Oct 22 21:37:48 kernel: [    1.019531] [drm] virgl 3d acceleration not supported by host
Oct 22 21:37:48 kernel: [    1.019934] [TTM] Zone  kernel: Available graphics memory: 1018474 kiB
Oct 22 21:37:48 kernel: [    1.019934] [TTM] Initializing pool allocator
Oct 22 21:37:48 kernel: [    1.019936] [TTM] Initializing DMA pool allocator
Oct 22 21:37:48 kernel: [    1.019960] [drm] number of scanouts: 1
Oct 22 21:37:48 kernel: [    1.019961] [drm] number of cap sets: 0
Oct 22 21:37:48 kernel: [    1.020929] Console: switching to colour frame buffer device 128x48
Oct 22 21:37:48 kernel: [    1.022035] virtio_gpu virtio2: fb0: virtiodrmfb frame buffer device
Oct 22 21:37:48 kernel: [    1.030508] [drm] Initialized virtio_gpu 0.0.1 0 for virtio2 on minor 0
Oct 22 21:37:48 kernel: [    1.034649] hub 1-0:1.0: USB hub found
Oct 22 21:37:48 kernel: [    1.034656] hub 1-0:1.0: 2 ports detected
Oct 22 21:37:48 kernel: [    1.308230] ata1: SATA link up 1.5 Gbps (SStatus 113 SControl 300)
Oct 22 21:37:48 kernel: [    1.308348] ata1.00: ATA-8: Debian GNU Linux-0 SSD, F.VF5Y6G, max UDMA/100
Oct 22 21:37:48 kernel: [    1.308349] ata1.00: 134217728 sectors, multi 0: LBA48 NCQ (depth 32)
Oct 22 21:37:48 kernel: [    1.308433] ata1.00: configured for UDMA/100
Oct 22 21:37:48 kernel: [    1.308728] scsi 0:0:0:0: Direct-Access     ATA      Debian GNU Linux 5Y6G PQ: 0 ANSI: 5
Oct 22 21:37:48 kernel: [    1.376070] snd_intel8x0 0000:00:1f.4: intel8x0_measure_ac97_clock: measured 58729 usecs (2891 samples)
Oct 22 21:37:48 kernel: [    1.376072] snd_intel8x0 0000:00:1f.4: clocking to 46804
Oct 22 21:37:48 kernel: [    1.376171] usb 3-1: new SuperSpeed Gen 1 USB device number 2 using xhci_hcd
Oct 22 21:37:48 kernel: [    1.378233] usb 1-1: new full-speed USB device number 2 using uhci_hcd
Oct 22 21:37:48 kernel: [    1.394449] usb 3-1: LPM exit latency is zeroed, disabling LPM.
Oct 22 21:37:48 kernel: [    1.394580] usb 3-1: New USB device found, idVendor=203a, idProduct=fff9, bcdDevice= 1.00
Oct 22 21:37:48 kernel: [    1.394581] usb 3-1: New USB device strings: Mfr=1, Product=2, SerialNumber=3
Oct 22 21:37:48 kernel: [    1.394581] usb 3-1: Product: FaceTime HD Camera (Built-in)
Oct 22 21:37:48 kernel: [    1.394582] usb 3-1: Manufacturer: Parallels
Oct 22 21:37:48 kernel: [    1.394582] usb 3-1: SerialNumber: 0x8020000005ac8514
Oct 22 21:37:48 kernel: [    1.536670] usb 1-1: New USB device found, idVendor=203a, idProduct=fffc, bcdDevice= 1.00
Oct 22 21:37:48 kernel: [    1.536671] usb 1-1: New USB device strings: Mfr=1, Product=2, SerialNumber=3
Oct 22 21:37:48 kernel: [    1.536672] usb 1-1: Product: Virtual Mouse
Oct 22 21:37:48 kernel: [    1.536672] usb 1-1: Manufacturer: Parallels
Oct 22 21:37:48 kernel: [    1.536673] usb 1-1: SerialNumber: PW3.0
Oct 22 21:37:48 kernel: [    1.548775] hidraw: raw HID events driver (C) Jiri Kosina
Oct 22 21:37:48 kernel: [    1.559172] usbcore: registered new interface driver usbhid
Oct 22 21:37:48 kernel: [    1.559172] usbhid: USB HID core driver
Oct 22 21:37:48 kernel: [    1.560602] input: Parallels Virtual Mouse as /devices/pci0000:00/0000:00:1d.0/usb1/1-1/1-1:1.0/0003:203A:FFFC.0001/input/input3
Oct 22 21:37:48 kernel: [    1.560672] hid-generic 0003:203A:FFFC.0001: input,hidraw0: USB HID v1.10 Mouse [Parallels Virtual Mouse] on usb-0000:00:1d.0-1/input0
Oct 22 21:37:48 kernel: [    1.560827] input: Parallels Virtual Mouse as /devices/pci0000:00/0000:00:1d.0/usb1/1-1/1-1:1.1/0003:203A:FFFC.0002/input/input4
Oct 22 21:37:48 kernel: [    1.560858] hid-generic 0003:203A:FFFC.0002: input,hidraw1: USB HID v1.10 Mouse [Parallels Virtual Mouse] on usb-0000:00:1d.0-1/input1
Oct 22 21:37:48 kernel: [    1.618980] ata2: SATA link up 1.5 Gbps (SStatus 113 SControl 300)
Oct 22 21:37:48 kernel: [    1.619101] ata2.00: ATAPI: Virtual DVD-ROM [1], FWR1, max UDMA/25
Oct 22 21:37:48 kernel: [    1.619300] ata2.00: configured for UDMA/25
Oct 22 21:37:48 kernel: [    1.619754] scsi 1:0:0:0: CD-ROM                     Virtual DVD-ROM  R103 PQ: 0 ANSI: 5
Oct 22 21:37:48 kernel: [    1.823850] input: ImExPS/2 Generic Explorer Mouse as /devices/platform/i8042/serio1/input/input2
Oct 22 21:37:48 kernel: [    1.954992] ata3: SATA link down (SStatus 0 SControl 300)
Oct 22 21:37:48 kernel: [    2.266677] ata4: SATA link down (SStatus 0 SControl 300)
Oct 22 21:37:48 kernel: [    2.579153] ata5: SATA link down (SStatus 0 SControl 300)
Oct 22 21:37:48 kernel: [    2.891684] ata6: SATA link down (SStatus 0 SControl 300)
Oct 22 21:37:48 kernel: [    2.896875] sd 0:0:0:0: [sda] 134217728 512-byte logical blocks: (68.7 GB/64.0 GiB)
Oct 22 21:37:48 kernel: [    2.896876] sd 0:0:0:0: [sda] 4096-byte physical blocks
Oct 22 21:37:48 kernel: [    2.896879] sd 0:0:0:0: [sda] Write Protect is off
Oct 22 21:37:48 kernel: [    2.896880] sd 0:0:0:0: [sda] Mode Sense: 00 3a 00 00
Oct 22 21:37:48 kernel: [    2.896883] sd 0:0:0:0: [sda] Write cache: enabled, read cache: enabled, doesn't support DPO or FUA
Oct 22 21:37:48 kernel: [    2.898276] sr 1:0:0:0: [sr0] scsi3-mmc drive: 44x/44x cd/rw xa/form2 cdda tray
Oct 22 21:37:48 kernel: [    2.898277] cdrom: Uniform CD-ROM driver Revision: 3.20
Oct 22 21:37:48 kernel: [    2.898759] sr 1:0:0:0: Attached scsi CD-ROM sr0
Oct 22 21:37:48 kernel: [    2.899268] sd 0:0:0:0: [sda] Attached SCSI disk
Oct 22 21:37:48 kernel: [    3.232938] vga16fb: initializing
Oct 22 21:37:48 kernel: [    3.232940] vga16fb: mapped to 0x00000000df108b17
Oct 22 21:37:48 kernel: [    3.233083] fb1: VGA16 VGA frame buffer device
Oct 22 21:37:48 entropy-source: haveged not needed: rdrand CPU flag detected
Oct 22 21:37:48 reopen-console: Looking at console tty0 from /proc/consoles
Oct 22 21:37:48 reopen-console:    Adding tty0 to possible consoles list
Oct 22 21:37:48 reopen-console:    tty0 is preferred
Oct 22 21:37:48 reopen-console: Adding inittab entry for tty0
Oct 22 21:37:48 reopen-console: Restarting init to start d-i on the console(s) we found
Oct 22 21:37:48 init: reloading /etc/inittab
Oct 22 21:37:48 init: starting pid 353, tty '/dev/tty4': '/usr/bin/tail -f /var/log/syslog'
Oct 22 21:37:48 init: starting pid 354, tty '/dev/tty0': '/sbin/debian-installer'
Oct 22 21:37:48 kernel: [    3.359825] broken atomic modeset userspace detected, disabling atomic
Oct 22 21:37:49 init: process '/sbin/debian-installer' (pid 354) exited. Scheduling for restart.
Oct 22 21:37:49 init: starting pid 373, tty '/dev/tty0': '/sbin/debian-installer'
Oct 22 21:37:50 debconf: Setting debconf/language to en
Oct 22 21:37:50 main-menu[400]: DEBUG: resolver (libgcc1): package doesn't exist (ignored)
Oct 22 21:37:50 main-menu[400]: INFO: Falling back to the package description for brltty-udeb
Oct 22 21:37:50 main-menu[400]: INFO: Menu item 'localechooser' selected
Oct 22 21:37:50 debconf: Setting debconf/language to en
Oct 22 21:37:50 gtk-set-font: Switching to font 'DejaVu Sans' for 'en'
Oct 22 21:37:53 localechooser: info: Language = 'en'
Oct 22 21:37:53 localechooser: info: line=en;0;US;en_US.UTF-8;;console-setup
Oct 22 21:37:53 localechooser: info: Set debian-installer/language = 'en'
Oct 22 21:37:53 localechooser: info: Default country = 'US'
Oct 22 21:37:53 localechooser: info: Default locale = 'en_US.UTF-8'
Oct 22 21:37:53 localechooser: info: Set debian-installer/consoledisplay = 'console-setup'
Oct 22 21:37:53 debconf: Setting debconf/language to en
Oct 22 21:37:53 gtk-set-font: Switching to font 'DejaVu Sans' for 'en'
Oct 22 21:37:54 localechooser: info: Set debian-installer/country = 'US'
Oct 22 21:37:54 localechooser: info: Set debian-installer/locale = 'en_US.UTF-8'
Oct 22 21:37:54 localechooser: info: System locale (debian-installer/locale) = 'en_US.UTF-8'
Oct 22 21:37:54 main-menu[400]: DEBUG: resolver (libgcc1): package doesn't exist (ignored)
Oct 22 21:37:54 main-menu[400]: INFO: Falling back to the package description for brltty-udeb
Oct 22 21:37:54 main-menu[400]: INFO: Falling back to the package description for brltty-udeb
Oct 22 21:37:54 main-menu[400]: INFO: Falling back to the package description for brltty-udeb
Oct 22 21:37:54 main-menu[400]: INFO: Menu item 'brltty-udeb' selected
Oct 22 21:37:54 main-menu[400]: WARNING **: Unable to set title for brltty-udeb.
Oct 22 21:37:54 main-menu[400]: DEBUG: resolver (libgcc1): package doesn't exist (ignored)
Oct 22 21:37:54 main-menu[400]: INFO: Falling back to the package description for brltty-udeb
Oct 22 21:37:54 main-menu[400]: INFO: Falling back to the package description for brltty-udeb
Oct 22 21:37:54 main-menu[400]: INFO: Menu item 'espeakup-udeb' selected
Oct 22 21:37:54 main-menu[400]: DEBUG: resolver (libgcc1): package doesn't exist (ignored)
Oct 22 21:37:54 main-menu[400]: INFO: Falling back to the package description for brltty-udeb
Oct 22 21:37:54 main-menu[400]: INFO: Falling back to the package description for brltty-udeb
Oct 22 21:37:54 main-menu[400]: INFO: Menu item 'console-setup-udeb' selected
Oct 22 21:37:55 main-menu[400]: DEBUG: resolver (libgcc1): package doesn't exist (ignored)
Oct 22 21:37:55 main-menu[400]: INFO: Falling back to the package description for brltty-udeb
Oct 22 21:37:55 main-menu[400]: INFO: Falling back to the package description for brltty-udeb
Oct 22 21:37:55 main-menu[400]: INFO: Menu item 'cdrom-detect' selected
Oct 22 21:37:55 net/hw-detect.hotplug: Detected hotpluggable network interface lo
Oct 22 21:37:55 hw-detect: Detected module 'usb-storage' for 'USB storage'
Oct 22 21:37:55 hw-detect: insmod /lib/modules/4.19.0-11-amd64/kernel/drivers/usb/storage/usb-storage.ko 
Oct 22 21:37:55 kernel: [    9.899370] usbcore: registered new interface driver usb-storage
Oct 22 21:37:55 apt-install: Queueing package udev for later installation
Oct 22 21:37:55 apt-install: Queueing package pciutils for later installation
Oct 22 21:37:55 apt-install: Queueing package usbutils for later installation
Oct 22 21:37:55 apt-install: Queueing package eject for later installation
Oct 22 21:37:56 check-missing-firmware: looking at dmesg for the first time
Oct 22 21:37:56 check-missing-firmware: saving timestamp for a later use: [    9.899370]
Oct 22 21:37:56 check-missing-firmware: /dev/.udev/firmware-missing does not exist, skipping
Oct 22 21:37:56 check-missing-firmware: /run/udev/firmware-missing does not exist, skipping
Oct 22 21:37:56 check-missing-firmware: no missing firmware in loaded kernel modules
Oct 22 21:37:56 cdrom-detect: Searching for Debian installation media...
Oct 22 21:37:56 cdrom-detect: Devices: '/dev/sr0'
Oct 22 21:37:56 kernel: [   11.009285] ISO 9660 Extensions: Microsoft Joliet Level 3
Oct 22 21:37:56 kernel: [   11.010067] ISO 9660 Extensions: RRIP_1991A
Oct 22 21:37:56 cdrom-detect: CD-ROM mount succeeded: device=/dev/sr0 fstype=iso9660
Oct 22 21:37:56 cdrom-detect: Detected CD 'Debian GNU/Linux 10.6.0 "Buster" - Official amd64 NETINST 20200926-10:16'
Oct 22 21:37:56 cdrom-detect: Detected CD with 'stable' (buster) distribution
Oct 22 21:37:56 anna-install: Queueing udeb eject-udeb for later installation
Oct 22 21:37:56 anna-install: Queueing udeb apt-mirror-setup for later installation
Oct 22 21:37:56 anna-install: Queueing udeb apt-cdrom-setup for later installation
Oct 22 21:37:56 anna-install: Queueing udeb buster-support for later installation
Oct 22 21:37:56 main-menu[400]: DEBUG: resolver (libgcc1): package doesn't exist (ignored)
Oct 22 21:37:56 main-menu[400]: INFO: Falling back to the package description for brltty-udeb
Oct 22 21:37:56 main-menu[400]: INFO: Falling back to the package description for brltty-udeb
Oct 22 21:37:56 main-menu[400]: INFO: Menu item 'load-cdrom' selected
Oct 22 21:37:56 cdrom-retriever: warning: File /cdrom/dists/buster/main/debian-installer/binary-amd64/Packages does not exist.
Oct 22 21:37:56 cdrom-retriever: warning: Unable to find contrib/debian-installer/binary-amd64/Packages in /cdrom/dists/buster/Release.
Oct 22 21:37:56 cdrom-retriever: warning: Unable to find contrib/debian-installer/binary-amd64/Packages.gz in /cdrom/dists/buster/Release.
Oct 22 21:37:56 anna[2114]: DEBUG: resolver (fat-modules): package doesn't exist (ignored)
Oct 22 21:37:56 anna[2114]: DEBUG: resolver (scsi-modules): package doesn't exist (ignored)
Oct 22 21:37:56 anna[2114]: DEBUG: resolver (fat-modules): package doesn't exist (ignored)
Oct 22 21:37:56 anna[2114]: DEBUG: resolver (scsi-modules): package doesn't exist (ignored)
Oct 22 21:37:56 anna[2114]: DEBUG: retrieving apt-cdrom-setup 1:0.151~deb10u1
Oct 22 21:37:56 anna[2114]: DEBUG: retrieving apt-mirror-setup 1:0.151~deb10u1
Oct 22 21:37:56 anna[2114]: DEBUG: retrieving apt-setup-udeb 1:0.151~deb10u1
Oct 22 21:37:57 anna[2114]: DEBUG: retrieving base-installer 1.189
Oct 22 21:37:57 anna[2114]: DEBUG: retrieving bootstrap-base 1.189
Oct 22 21:37:57 anna[2114]: DEBUG: retrieving btrfs-progs-udeb 4.20.1-2
Oct 22 21:37:57 anna[2114]: DEBUG: retrieving choose-mirror-bin 2.99+deb10u1
Oct 22 21:37:57 anna[2114]: DEBUG: retrieving clock-setup 0.141
Oct 22 21:37:57 anna[2114]: DEBUG: retrieving debian-archive-keyring-udeb 2019.1
Oct 22 21:37:57 anna[2114]: DEBUG: retrieving di-utils-mapdevfs 1.132
Oct 22 21:37:57 anna[2114]: DEBUG: retrieving debootstrap-udeb 1.0.114
Oct 22 21:37:57 anna[2114]: DEBUG: retrieving dmidecode-udeb 3.2-1
Oct 22 21:37:57 anna[2114]: DEBUG: retrieving dosfstools-udeb 4.1-2
Oct 22 21:37:57 anna[2114]: DEBUG: retrieving e2fsprogs-udeb 1.44.5-1+deb10u3
Oct 22 21:37:57 anna[2114]: DEBUG: retrieving eject-udeb 2.1.5+deb1+cvs20081104-13.2
Oct 22 21:37:57 anna[2114]: DEBUG: retrieving finish-install 2.100
Oct 22 21:37:58 anna[2114]: DEBUG: retrieving fuse-udeb 2.9.9-1+deb10u1
Oct 22 21:37:58 anna[2114]: DEBUG: retrieving libfuse2-udeb 2.9.9-1+deb10u1
Oct 22 21:37:58 anna[2114]: DEBUG: retrieving gpgv-udeb 2.2.12-1+deb10u1
Oct 22 21:37:58 anna[2114]: DEBUG: retrieving grub-installer 1.165
Oct 22 21:37:58 anna[2114]: DEBUG: retrieving grub-mount-udeb 2.02+dfsg1-20+deb10u2
Oct 22 21:37:58 anna[2114]: DEBUG: retrieving disk-detect 1.137
Oct 22 21:37:58 anna[2114]: DEBUG: retrieving ethdetect 1.137
Oct 22 21:37:58 anna[2114]: DEBUG: retrieving jfsutils-udeb 1.1.15-4
Oct 22 21:37:58 anna[2114]: DEBUG: retrieving kickseed-common 0.63
Oct 22 21:37:58 anna[2114]: DEBUG: retrieving libgcrypt20-udeb 1.8.4-5
Oct 22 21:37:58 anna[2114]: DEBUG: retrieving libgpg-error0-udeb 1.35-1
Oct 22 21:37:58 anna[2114]: DEBUG: retrieving libnl-3-200-udeb 3.4.0-1
Oct 22 21:37:58 anna[2114]: DEBUG: retrieving libnl-genl-3-200-udeb 3.4.0-1
Oct 22 21:37:58 anna[2114]: DEBUG: retrieving libzstd1-udeb 1.3.8+dfsg-3
Oct 22 21:37:58 anna[2114]: DEBUG: retrieving btrfs-modules-4.19.0-11-amd64-di 4.19.146-1
Oct 22 21:37:58 anna[2114]: DEBUG: retrieving compress-modules-4.19.0-11-amd64-di 4.19.146-1
Oct 22 21:37:58 anna[2114]: DEBUG: retrieving crypto-modules-4.19.0-11-amd64-di 4.19.146-1
Oct 22 21:37:58 anna[2114]: DEBUG: retrieving efi-modules-4.19.0-11-amd64-di 4.19.146-1
Oct 22 21:37:59 anna[2114]: DEBUG: retrieving ext4-modules-4.19.0-11-amd64-di 4.19.146-1
Oct 22 21:37:59 anna[2114]: DEBUG: retrieving jfs-modules-4.19.0-11-amd64-di 4.19.146-1
Oct 22 21:37:59 anna[2114]: DEBUG: retrieving loop-modules-4.19.0-11-amd64-di 4.19.146-1
Oct 22 21:37:59 anna[2114]: DEBUG: retrieving md-modules-4.19.0-11-amd64-di 4.19.146-1
Oct 22 21:37:59 anna[2114]: DEBUG: retrieving mtd-core-modules-4.19.0-11-amd64-di 4.19.146-1
Oct 22 21:37:59 anna[2114]: DEBUG: retrieving nic-modules-4.19.0-11-amd64-di 4.19.146-1
Oct 22 21:37:59 anna[2114]: DEBUG: retrieving nic-pcmcia-modules-4.19.0-11-amd64-di 4.19.146-1
Oct 22 21:37:59 anna[2114]: DEBUG: retrieving nic-shared-modules-4.19.0-11-amd64-di 4.19.146-1
Oct 22 21:37:59 anna[2114]: DEBUG: retrieving nic-usb-modules-4.19.0-11-amd64-di 4.19.146-1
Oct 22 21:37:59 anna[2114]: DEBUG: retrieving nic-wireless-modules-4.19.0-11-amd64-di 4.19.146-1
Oct 22 21:37:59 anna[2114]: DEBUG: retrieving xfs-modules-4.19.0-11-amd64-di 4.19.146-1
Oct 22 21:37:59 anna[2114]: DEBUG: retrieving libdevmapper1.02.1-udeb 2:1.02.155-3
Oct 22 21:37:59 anna[2114]: DEBUG: retrieving liblzo2-2-udeb 2.10-0.1
Oct 22 21:38:00 anna[2114]: DEBUG: retrieving mdadm-udeb 4.1-1
Oct 22 21:38:00 anna[2114]: DEBUG: retrieving ndisc6-udeb 1.0.4-1
Oct 22 21:38:00 anna[2114]: DEBUG: retrieving rdnssd-udeb 1.0.4-1
Oct 22 21:38:00 anna[2114]: DEBUG: retrieving netcfg 1.160
Oct 22 21:38:00 anna[2114]: DEBUG: retrieving nobootloader 1.56
Oct 22 21:38:00 anna[2114]: DEBUG: retrieving ntfs-3g-udeb 1:2017.3.23AR.3-3
Oct 22 21:38:00 anna[2114]: DEBUG: retrieving open-iscsi-udeb 2.0.874-7.1
Oct 22 21:38:00 anna[2114]: DEBUG: retrieving libisns-nocrypto0-udeb 0.97-3
Oct 22 21:38:00 anna[2114]: DEBUG: retrieving os-prober-udeb 1.77
Oct 22 21:38:00 anna[2114]: DEBUG: retrieving libparted-fs-resize0-udeb 3.2-25
Oct 22 21:38:00 anna[2114]: DEBUG: retrieving libparted2-udeb 3.2-25
Oct 22 21:38:00 anna[2114]: DEBUG: retrieving partman-auto 149
Oct 22 21:38:00 anna[2114]: DEBUG: retrieving partman-auto-raid 41
Oct 22 21:38:01 anna[2114]: DEBUG: retrieving partman-base 208
Oct 22 21:38:01 anna[2114]: DEBUG: retrieving partman-utils 208
Oct 22 21:38:01 anna[2114]: DEBUG: retrieving partman-basicfilesystems 148
Oct 22 21:38:01 anna[2114]: DEBUG: retrieving partman-basicmethods 69
Oct 22 21:38:01 anna[2114]: DEBUG: retrieving partman-btrfs 49
Oct 22 21:38:02 anna[2114]: DEBUG: retrieving partman-efi 80
Oct 22 21:38:02 anna[2114]: DEBUG: retrieving partman-ext3 103
Oct 22 21:38:02 anna[2114]: DEBUG: retrieving partman-iscsi 61
Oct 22 21:38:02 anna[2114]: DEBUG: retrieving partman-jfs 57
Oct 22 21:38:03 anna[2114]: DEBUG: retrieving partman-md 90
Oct 22 21:38:03 anna[2114]: DEBUG: retrieving partman-partitioning 130
Oct 22 21:38:03 anna[2114]: DEBUG: retrieving partman-target 115
Oct 22 21:38:04 anna[2114]: DEBUG: retrieving partman-xfs 66
Oct 22 21:38:04 anna[2114]: DEBUG: retrieving pkgsel 0.66
Oct 22 21:38:04 anna[2114]: DEBUG: retrieving network-preseed 1.102
Oct 22 21:38:05 anna[2114]: DEBUG: retrieving rdate-udeb 1:1.2-6
Oct 22 21:38:05 anna[2114]: DEBUG: retrieving tzsetup-udeb 1:0.111
Oct 22 21:38:05 anna[2114]: DEBUG: retrieving user-setup-udeb 1.81
Oct 22 21:38:05 anna[2114]: DEBUG: retrieving wide-dhcpv6-client-udeb 20080615-22
Oct 22 21:38:05 anna[2114]: DEBUG: retrieving libiw30-udeb 30~pre9-13
Oct 22 21:38:05 anna[2114]: DEBUG: retrieving wpasupplicant-udeb 2:2.7+git20190128+0c1e29f-6+deb10u2
Oct 22 21:38:05 anna[2114]: DEBUG: retrieving xfsprogs-udeb 4.20.0-1
Oct 22 21:38:06 main-menu[400]: DEBUG: resolver (libgcc1): package doesn't exist (ignored)
Oct 22 21:38:06 main-menu[400]: INFO: Falling back to the package description for brltty-udeb
Oct 22 21:38:06 main-menu[400]: INFO: Falling back to the package description for brltty-udeb
Oct 22 21:38:06 main-menu[400]: INFO: Menu item 'ethdetect' selected
Oct 22 21:38:06 net/hw-detect.hotplug: Detected hotpluggable network interface lo
Oct 22 21:38:06 kernel: [   21.051617] virtio_net virtio0 enp0s5: renamed from eth0
Oct 22 21:38:06 net/hw-detect.hotplug: Detected hotpluggable network interface enp0s5
Oct 22 21:38:07 check-missing-firmware: looking at dmesg again, restarting from \[    9.899370\]
Oct 22 21:38:07 check-missing-firmware: timestamp found, truncating dmesg accordingly
Oct 22 21:38:07 check-missing-firmware: saving timestamp for a later use: [   21.051617]
Oct 22 21:38:07 check-missing-firmware: /dev/.udev/firmware-missing does not exist, skipping
Oct 22 21:38:07 check-missing-firmware: /run/udev/firmware-missing does not exist, skipping
Oct 22 21:38:07 check-missing-firmware: no missing firmware in loaded kernel modules
Oct 22 21:38:07 check-missing-firmware: taking network interface enp0s5 up/down
Oct 22 21:38:08 check-missing-firmware: looking at dmesg again, restarting from \[   21.051617\]
Oct 22 21:38:08 check-missing-firmware: timestamp found, truncating dmesg accordingly
Oct 22 21:38:08 check-missing-firmware: saving timestamp for a later use: 
Oct 22 21:38:08 check-missing-firmware: /dev/.udev/firmware-missing does not exist, skipping
Oct 22 21:38:08 check-missing-firmware: /run/udev/firmware-missing does not exist, skipping
Oct 22 21:38:08 check-missing-firmware: no missing firmware in loaded kernel modules
Oct 22 21:38:09 main-menu[400]: DEBUG: resolver (libgcc1): package doesn't exist (ignored)
Oct 22 21:38:09 main-menu[400]: INFO: Falling back to the package description for brltty-udeb
Oct 22 21:38:09 main-menu[400]: INFO: Falling back to the package description for brltty-udeb
Oct 22 21:38:09 main-menu[400]: INFO: Menu item 'netcfg' selected
Oct 22 21:38:09 netcfg[3933]: INFO: Starting netcfg v.1.160
Oct 22 21:38:09 netcfg[3933]: WARNING **: Couldn't read Wpasupplicant pid file, not trying to kill.
Oct 22 21:38:09 netcfg[3933]: INFO: Could not find valid BOOTIF= entry in /proc/cmdline
Oct 22 21:38:09 netcfg[3933]: INFO: Taking down interface enp0s5
Oct 22 21:38:09 netcfg[3933]: INFO: Taking down interface lo
Oct 22 21:38:09 netcfg[3933]: INFO: Activating interface enp0s5
Oct 22 21:38:09 netcfg[3933]: DEBUG: State is now 0
Oct 22 21:38:09 netcfg[3933]: DEBUG: Want link on enp0s5
Oct 22 21:38:09 netcfg[3933]: INFO: Waiting time set to 3
Oct 22 21:38:09 netcfg[3933]: INFO: ethtool-lite: enp0s5: carrier up
Oct 22 21:38:09 netcfg[3933]: INFO: Found link on enp0s5
Oct 22 21:38:09 netcfg[3933]: DEBUG: Commencing network autoconfiguration on enp0s5
Oct 22 21:38:09 netcfg[3933]: DEBUG: rdnssd started; PID: 3943
Oct 22 21:38:09 netcfg[3933]: DEBUG: nc_v6_interface_configured(enp0s5, scope local)
Oct 22 21:38:09 netcfg[3933]: DEBUG: Running ip addr show enp0s5 to look for address
Oct 22 21:38:09 netcfg[3933]: DEBUG: ip line: 2: enp0s5: <BROADCAST,MULTICAST,UP,LOWER_UP> mtu 1500 qdisc pfifo_fast qlen 1000
Oct 22 21:38:09 netcfg[3933]: DEBUG: ip line:     link/ether 00:1c:42:16:64:1f brd ff:ff:ff:ff:ff:ff
Oct 22 21:38:09 netcfg[3933]: DEBUG: ip line:     inet6 fe80::21c:42ff:fe16:641f/64 scope link tentative 
Oct 22 21:38:09 netcfg[3933]: DEBUG: ip line:        valid_lft forever preferred_lft forever
Oct 22 21:38:09 netcfg[3933]: DEBUG: nc_v6_interface_configured(enp0s5, scope local)
Oct 22 21:38:09 netcfg[3933]: DEBUG: Running ip addr show enp0s5 to look for address
Oct 22 21:38:09 netcfg[3933]: DEBUG: ip line: 2: enp0s5: <BROADCAST,MULTICAST,UP,LOWER_UP> mtu 1500 qdisc pfifo_fast qlen 1000
Oct 22 21:38:09 netcfg[3933]: DEBUG: ip line:     link/ether 00:1c:42:16:64:1f brd ff:ff:ff:ff:ff:ff
Oct 22 21:38:09 netcfg[3933]: DEBUG: ip line:     inet6 fe80::21c:42ff:fe16:641f/64 scope link tentative 
Oct 22 21:38:09 netcfg[3933]: DEBUG: ip line:        valid_lft forever preferred_lft forever
Oct 22 21:38:10 netcfg[3933]: DEBUG: nc_v6_interface_configured(enp0s5, scope local)
Oct 22 21:38:10 netcfg[3933]: DEBUG: Running ip addr show enp0s5 to look for address
Oct 22 21:38:10 netcfg[3933]: DEBUG: ip line: 2: enp0s5: <BROADCAST,MULTICAST,UP,LOWER_UP> mtu 1500 qdisc pfifo_fast qlen 1000
Oct 22 21:38:10 netcfg[3933]: DEBUG: ip line:     link/ether 00:1c:42:16:64:1f brd ff:ff:ff:ff:ff:ff
Oct 22 21:38:10 netcfg[3933]: DEBUG: ip line:     inet6 fe80::21c:42ff:fe16:641f/64 scope link tentative 
Oct 22 21:38:10 netcfg[3933]: DEBUG: ip line:        valid_lft forever preferred_lft forever
Oct 22 21:38:10 netcfg[3933]: DEBUG: nc_v6_interface_configured(enp0s5, scope local)
Oct 22 21:38:10 netcfg[3933]: DEBUG: Running ip addr show enp0s5 to look for address
Oct 22 21:38:10 netcfg[3933]: DEBUG: ip line: 2: enp0s5: <BROADCAST,MULTICAST,UP,LOWER_UP> mtu 1500 qdisc pfifo_fast qlen 1000
Oct 22 21:38:10 netcfg[3933]: DEBUG: ip line:     link/ether 00:1c:42:16:64:1f brd ff:ff:ff:ff:ff:ff
Oct 22 21:38:10 netcfg[3933]: DEBUG: ip line:     inet6 fe80::21c:42ff:fe16:641f/64 scope link tentative 
Oct 22 21:38:10 netcfg[3933]: DEBUG: ip line:        valid_lft forever preferred_lft forever
Oct 22 21:38:10 netcfg[3933]: DEBUG: nc_v6_interface_configured(enp0s5, scope local)
Oct 22 21:38:10 netcfg[3933]: DEBUG: Running ip addr show enp0s5 to look for address
Oct 22 21:38:10 netcfg[3933]: DEBUG: ip line: 2: enp0s5: <BROADCAST,MULTICAST,UP,LOWER_UP> mtu 1500 qdisc pfifo_fast qlen 1000
Oct 22 21:38:10 netcfg[3933]: DEBUG: ip line:     link/ether 00:1c:42:16:64:1f brd ff:ff:ff:ff:ff:ff
Oct 22 21:38:10 netcfg[3933]: DEBUG: ip line:     inet6 fe80::21c:42ff:fe16:641f/64 scope link tentative 
Oct 22 21:38:10 netcfg[3933]: DEBUG: ip line:        valid_lft forever preferred_lft forever
Oct 22 21:38:10 netcfg[3933]: DEBUG: nc_v6_interface_configured(enp0s5, scope local)
Oct 22 21:38:10 netcfg[3933]: DEBUG: Running ip addr show enp0s5 to look for address
Oct 22 21:38:10 netcfg[3933]: DEBUG: ip line: 2: enp0s5: <BROADCAST,MULTICAST,UP,LOWER_UP> mtu 1500 qdisc pfifo_fast qlen 1000
Oct 22 21:38:10 netcfg[3933]: DEBUG: ip line:     link/ether 00:1c:42:16:64:1f brd ff:ff:ff:ff:ff:ff
Oct 22 21:38:10 netcfg[3933]: DEBUG: ip line:     inet6 fe80::21c:42ff:fe16:641f/64 scope link tentative 
Oct 22 21:38:10 netcfg[3933]: DEBUG: ip line:        valid_lft forever preferred_lft forever
Oct 22 21:38:11 netcfg[3933]: DEBUG: nc_v6_interface_configured(enp0s5, scope local)
Oct 22 21:38:11 netcfg[3933]: DEBUG: Running ip addr show enp0s5 to look for address
Oct 22 21:38:11 netcfg[3933]: DEBUG: ip line: 2: enp0s5: <BROADCAST,MULTICAST,UP,LOWER_UP> mtu 1500 qdisc pfifo_fast qlen 1000
Oct 22 21:38:11 netcfg[3933]: DEBUG: ip line:     link/ether 00:1c:42:16:64:1f brd ff:ff:ff:ff:ff:ff
Oct 22 21:38:11 netcfg[3933]: DEBUG: ip line:     inet6 fe80::21c:42ff:fe16:641f/64 scope link 
Oct 22 21:38:11 netcfg[3933]: DEBUG: Configured address found
Oct 22 21:38:11 netcfg[3933]: DEBUG: ip line:        valid_lft forever preferred_lft forever
Oct 22 21:38:11 netcfg[3933]: DEBUG: Running rdisc6 -1 -r 1 -w 500 -n enp0s5 to get IPv6 config flags
Oct 22 21:38:11 netcfg[3933]: DEBUG: rdisc6 line: Soliciting ff02::2 (ff02::2) on enp0s5...
Oct 22 21:38:11 netcfg[3933]: DEBUG: rdisc6 line: 
Oct 22 21:38:11 netcfg[3933]: DEBUG: rdisc6 line: Hop limit                 :    undefined (      0x00)
Oct 22 21:38:11 netcfg[3933]: DEBUG: rdisc6 line: Stateful address conf.    :           No
Oct 22 21:38:11 netcfg[3933]: DEBUG: Got stateful address line
Oct 22 21:38:11 netcfg[3933]: DEBUG: stateful=0
Oct 22 21:38:11 netcfg[3933]: DEBUG: rdisc6 line: Stateful other conf.      :           No
Oct 22 21:38:11 netcfg[3933]: DEBUG: stateless=0
Oct 22 21:38:11 netcfg[3933]: DEBUG: rdisc6 line: Mobile home agent         :           No
Oct 22 21:38:11 netcfg[3933]: DEBUG: rdisc6 line: Router preference         :       medium
Oct 22 21:38:11 netcfg[3933]: DEBUG: rdisc6 line: Neighbor discovery proxy  :           No
Oct 22 21:38:11 netcfg[3933]: DEBUG: rdisc6 line: Router lifetime           :            0 (0x00000000) seconds
Oct 22 21:38:11 netcfg[3933]: DEBUG: rdisc6 line: Reachable time            :  unspecified (0x00000000)
Oct 22 21:38:11 netcfg[3933]: DEBUG: rdisc6 line: Retransmit time           :  unspecified (0x00000000)
Oct 22 21:38:11 netcfg[3933]: DEBUG: rdisc6 line:  Source link-layer address: 00:1C:42:00:00:18
Oct 22 21:38:11 netcfg[3933]: DEBUG: rdisc6 line:  Prefix                   : fdb2:2c26:f4e4::/64
Oct 22 21:38:11 netcfg[3933]: DEBUG: rdisc6 line:   On-link                 :          Yes
Oct 22 21:38:11 netcfg[3933]: DEBUG: rdisc6 line:   Autonomous address conf.:          Yes
Oct 22 21:38:11 netcfg[3933]: DEBUG: rdisc6 line:   Valid time              :      2592000 (0x00278d00) seconds
Oct 22 21:38:11 netcfg[3933]: DEBUG: rdisc6 line:   Pref. time              :       604800 (0x00093a80) seconds
Oct 22 21:38:11 netcfg[3933]: DEBUG: rdisc6 line:  from fe80::21c:42ff:fe00:18
Oct 22 21:38:11 netcfg[3933]: DEBUG: rdisc6 parsing finished
Oct 22 21:38:11 netcfg[3933]: DEBUG: Reading nameservers from /tmp/rdnssd_resolv
Oct 22 21:38:11 netcfg[3933]: DEBUG: Stopping rdnssd, PID 3943
Oct 22 21:38:11 netcfg[3933]: DEBUG: IPv6 found
Oct 22 21:38:11 netcfg[3933]: DEBUG: IPv6 stateless autoconfig requested
Oct 22 21:38:11 netcfg[3933]: DEBUG: nc_v6_interface_configured(enp0s5, scope global)
Oct 22 21:38:11 netcfg[3933]: DEBUG: Running ip addr show enp0s5 to look for address
Oct 22 21:38:11 netcfg[3933]: DEBUG: ip line: 2: enp0s5: <BROADCAST,MULTICAST,UP,LOWER_UP> mtu 1500 qdisc pfifo_fast qlen 1000
Oct 22 21:38:11 netcfg[3933]: DEBUG: ip line:     link/ether 00:1c:42:16:64:1f brd ff:ff:ff:ff:ff:ff
Oct 22 21:38:11 netcfg[3933]: DEBUG: ip line:     inet6 fdb2:2c26:f4e4:0:21c:42ff:fe16:641f/64 scope global tentative dynamic 
Oct 22 21:38:11 netcfg[3933]: DEBUG: ip line:        valid_lft 2592000sec preferred_lft 604800sec
Oct 22 21:38:11 netcfg[3933]: DEBUG: ip line:     inet6 fe80::21c:42ff:fe16:641f/64 scope link 
Oct 22 21:38:11 netcfg[3933]: DEBUG: ip line:        valid_lft forever preferred_lft forever
Oct 22 21:38:11 netcfg[3933]: DEBUG: nc_v6_interface_configured(enp0s5, scope global)
Oct 22 21:38:11 netcfg[3933]: DEBUG: Running ip addr show enp0s5 to look for address
Oct 22 21:38:11 netcfg[3933]: DEBUG: ip line: 2: enp0s5: <BROADCAST,MULTICAST,UP,LOWER_UP> mtu 1500 qdisc pfifo_fast qlen 1000
Oct 22 21:38:11 netcfg[3933]: DEBUG: ip line:     link/ether 00:1c:42:16:64:1f brd ff:ff:ff:ff:ff:ff
Oct 22 21:38:11 netcfg[3933]: DEBUG: ip line:     inet6 fdb2:2c26:f4e4:0:21c:42ff:fe16:641f/64 scope global tentative dynamic 
Oct 22 21:38:11 netcfg[3933]: DEBUG: ip line:        valid_lft 2592000sec preferred_lft 604800sec
Oct 22 21:38:11 netcfg[3933]: DEBUG: ip line:     inet6 fe80::21c:42ff:fe16:641f/64 scope link 
Oct 22 21:38:11 netcfg[3933]: DEBUG: ip line:        valid_lft forever preferred_lft forever
Oct 22 21:38:11 netcfg[3933]: DEBUG: nc_v6_interface_configured(enp0s5, scope global)
Oct 22 21:38:11 netcfg[3933]: DEBUG: Running ip addr show enp0s5 to look for address
Oct 22 21:38:11 netcfg[3933]: DEBUG: ip line: 2: enp0s5: <BROADCAST,MULTICAST,UP,LOWER_UP> mtu 1500 qdisc pfifo_fast qlen 1000
Oct 22 21:38:11 netcfg[3933]: DEBUG: ip line:     link/ether 00:1c:42:16:64:1f brd ff:ff:ff:ff:ff:ff
Oct 22 21:38:11 netcfg[3933]: DEBUG: ip line:     inet6 fdb2:2c26:f4e4:0:21c:42ff:fe16:641f/64 scope global tentative dynamic 
Oct 22 21:38:11 netcfg[3933]: DEBUG: ip line:        valid_lft 2592000sec preferred_lft 604800sec
Oct 22 21:38:11 netcfg[3933]: DEBUG: ip line:     inet6 fe80::21c:42ff:fe16:641f/64 scope link 
Oct 22 21:38:11 netcfg[3933]: DEBUG: ip line:        valid_lft forever preferred_lft forever
Oct 22 21:38:12 netcfg[3933]: DEBUG: nc_v6_interface_configured(enp0s5, scope global)
Oct 22 21:38:12 netcfg[3933]: DEBUG: Running ip addr show enp0s5 to look for address
Oct 22 21:38:12 netcfg[3933]: DEBUG: ip line: 2: enp0s5: <BROADCAST,MULTICAST,UP,LOWER_UP> mtu 1500 qdisc pfifo_fast qlen 1000
Oct 22 21:38:12 netcfg[3933]: DEBUG: ip line:     link/ether 00:1c:42:16:64:1f brd ff:ff:ff:ff:ff:ff
Oct 22 21:38:12 netcfg[3933]: DEBUG: ip line:     inet6 fdb2:2c26:f4e4:0:21c:42ff:fe16:641f/64 scope global tentative dynamic 
Oct 22 21:38:12 netcfg[3933]: DEBUG: ip line:        valid_lft 2591999sec preferred_lft 604799sec
Oct 22 21:38:12 netcfg[3933]: DEBUG: ip line:     inet6 fe80::21c:42ff:fe16:641f/64 scope link 
Oct 22 21:38:12 netcfg[3933]: DEBUG: ip line:        valid_lft forever preferred_lft forever
Oct 22 21:38:12 netcfg[3933]: DEBUG: nc_v6_interface_configured(enp0s5, scope global)
Oct 22 21:38:12 netcfg[3933]: DEBUG: Running ip addr show enp0s5 to look for address
Oct 22 21:38:12 netcfg[3933]: DEBUG: ip line: 2: enp0s5: <BROADCAST,MULTICAST,UP,LOWER_UP> mtu 1500 qdisc pfifo_fast qlen 1000
Oct 22 21:38:12 netcfg[3933]: DEBUG: ip line:     link/ether 00:1c:42:16:64:1f brd ff:ff:ff:ff:ff:ff
Oct 22 21:38:12 netcfg[3933]: DEBUG: ip line:     inet6 fdb2:2c26:f4e4:0:21c:42ff:fe16:641f/64 scope global tentative dynamic 
Oct 22 21:38:12 netcfg[3933]: DEBUG: ip line:        valid_lft 2591999sec preferred_lft 604799sec
Oct 22 21:38:12 netcfg[3933]: DEBUG: ip line:     inet6 fe80::21c:42ff:fe16:641f/64 scope link 
Oct 22 21:38:12 netcfg[3933]: DEBUG: ip line:        valid_lft forever preferred_lft forever
Oct 22 21:38:12 netcfg[3933]: DEBUG: nc_v6_interface_configured(enp0s5, scope global)
Oct 22 21:38:12 netcfg[3933]: DEBUG: Running ip addr show enp0s5 to look for address
Oct 22 21:38:12 netcfg[3933]: DEBUG: ip line: 2: enp0s5: <BROADCAST,MULTICAST,UP,LOWER_UP> mtu 1500 qdisc pfifo_fast qlen 1000
Oct 22 21:38:12 netcfg[3933]: DEBUG: ip line:     link/ether 00:1c:42:16:64:1f brd ff:ff:ff:ff:ff:ff
Oct 22 21:38:12 netcfg[3933]: DEBUG: ip line:     inet6 fdb2:2c26:f4e4:0:21c:42ff:fe16:641f/64 scope global tentative dynamic 
Oct 22 21:38:12 netcfg[3933]: DEBUG: ip line:        valid_lft 2591999sec preferred_lft 604799sec
Oct 22 21:38:12 netcfg[3933]: DEBUG: ip line:     inet6 fe80::21c:42ff:fe16:641f/64 scope link 
Oct 22 21:38:12 netcfg[3933]: DEBUG: ip line:        valid_lft forever preferred_lft forever
Oct 22 21:38:12 netcfg[3933]: DEBUG: nc_v6_interface_configured(enp0s5, scope global)
Oct 22 21:38:12 netcfg[3933]: DEBUG: Running ip addr show enp0s5 to look for address
Oct 22 21:38:12 netcfg[3933]: DEBUG: ip line: 2: enp0s5: <BROADCAST,MULTICAST,UP,LOWER_UP> mtu 1500 qdisc pfifo_fast qlen 1000
Oct 22 21:38:12 netcfg[3933]: DEBUG: ip line:     link/ether 00:1c:42:16:64:1f brd ff:ff:ff:ff:ff:ff
Oct 22 21:38:12 netcfg[3933]: DEBUG: ip line:     inet6 fdb2:2c26:f4e4:0:21c:42ff:fe16:641f/64 scope global dynamic 
Oct 22 21:38:12 netcfg[3933]: DEBUG: Configured address found
Oct 22 21:38:12 netcfg[3933]: DEBUG: ip line:        valid_lft 2591999sec preferred_lft 604799sec
Oct 22 21:38:12 netcfg[3933]: DEBUG: ip line:     inet6 fe80::21c:42ff:fe16:641f/64 scope link 
Oct 22 21:38:12 netcfg[3933]: DEBUG: ip line:        valid_lft forever preferred_lft forever
Oct 22 21:38:12 netcfg[3933]: DEBUG: Trying IPv4 autoconfig as well
Oct 22 21:38:12 netcfg[3933]: WARNING **: Started DHCP client; PID is 3960
Oct 22 21:38:13 udhcpc: Got IP 10.211.55.7 (using enp0s5) and routing through 10.211.55.1
Oct 22 21:38:16 netcfg[3933]: DEBUG: Reading domain name returned via DHCP
Oct 22 21:38:16 netcfg[3933]: DEBUG: DHCP domain name is 'localdomain'
Oct 22 21:38:16 netcfg[3933]: DEBUG: Reading nameservers from /etc/resolv.conf
Oct 22 21:38:16 netcfg[3933]: DEBUG: Read nameserver 10.211.55.1
Oct 22 21:38:16 netcfg[3933]: DEBUG: State is now 1
Oct 22 21:38:16 netcfg[3933]: DEBUG: State is now 2
Oct 22 21:38:16 netcfg[3933]: DEBUG: State is now 5
Oct 22 21:38:16 netcfg[3933]: INFO: DHCP hostname: "bad"
Oct 22 21:38:16 netcfg[3933]: DEBUG: bad is a valid FQDN
Oct 22 21:38:16 netcfg[3933]: DEBUG: Preseeding domain from global: localdomain
Oct 22 21:38:22 netcfg[3933]: DEBUG: State is now 6
Oct 22 21:38:24 netcfg[3933]: DEBUG: Network config complete
Oct 22 21:38:24 netcfg[3933]: DEBUG: No interface given; clearing /etc/network/interfaces
Oct 22 21:38:24 netcfg[3933]: DEBUG: Writing informative header
Oct 22 21:38:24 netcfg[3933]: DEBUG: Success!
Oct 22 21:38:24 netcfg[3933]: DEBUG: Writing loopback interface
Oct 22 21:38:24 netcfg[3933]: DEBUG: Success!
Oct 22 21:38:24 netcfg[3933]: DEBUG: Writing DHCP stanza for enp0s5
Oct 22 21:38:24 netcfg[3933]: INFO: Detected enp0s5 as a hotpluggable device
Oct 22 21:38:24 netcfg[3933]: DEBUG: Writing SLAAC stanza for enp0s5
Oct 22 21:38:24 netcfg[3933]: DEBUG: Success!
Oct 22 21:38:25 main-menu[400]: (process:3932): udhcpc: started, v1.30.1
Oct 22 21:38:25 main-menu[400]: (process:3932): udhcpc: sending discover
Oct 22 21:38:25 main-menu[400]: (process:3932): udhcpc: sending select for 10.211.55.7
Oct 22 21:38:25 main-menu[400]: (process:3932): udhcpc: lease of 10.211.55.7 obtained, lease time 1800
Oct 22 21:38:25 main-menu[400]: DEBUG: resolver (libgcc1): package doesn't exist (ignored)
Oct 22 21:38:25 main-menu[400]: INFO: Falling back to the package description for brltty-udeb
Oct 22 21:38:25 main-menu[400]: INFO: Falling back to the package description for brltty-udeb
Oct 22 21:38:25 main-menu[400]: INFO: Menu item 'user-setup-udeb' selected
Oct 22 21:38:47 main-menu[400]: DEBUG: resolver (libgcc1): package doesn't exist (ignored)
Oct 22 21:38:47 main-menu[400]: INFO: Falling back to the package description for brltty-udeb
Oct 22 21:38:47 main-menu[400]: INFO: Falling back to the package description for brltty-udeb
Oct 22 21:38:47 main-menu[400]: INFO: Menu item 'clock-setup' selected
Oct 22 21:38:47 clock-setup: rdate called using NTP server 0.debian.pool.ntp.org.
Oct 22 21:38:47 clock-setup: Thu Oct 22 21:38:47 UTC 2020
Oct 22 21:38:47 clock-setup: rdate: adjust local clock by -0.158188 seconds
Oct 22 21:38:49 main-menu[400]: DEBUG: resolver (libgcc1): package doesn't exist (ignored)
Oct 22 21:38:49 main-menu[400]: INFO: Falling back to the package description for brltty-udeb
Oct 22 21:38:49 main-menu[400]: INFO: Falling back to the package description for brltty-udeb
Oct 22 21:38:49 main-menu[400]: INFO: Menu item 'disk-detect' selected
Oct 22 21:38:49 net/hw-detect.hotplug: Detected hotpluggable network interface enp0s5
Oct 22 21:38:49 net/hw-detect.hotplug: Detected hotpluggable network interface lo
Oct 22 21:38:50 check-missing-firmware: looking at dmesg again, restarting from 
Oct 22 21:38:50 check-missing-firmware: timestamp found, truncating dmesg accordingly
Oct 22 21:38:50 check-missing-firmware: saving timestamp for a later use: [   21.051617]
Oct 22 21:38:50 check-missing-firmware: /dev/.udev/firmware-missing does not exist, skipping
Oct 22 21:38:50 check-missing-firmware: /run/udev/firmware-missing does not exist, skipping
Oct 22 21:38:50 check-missing-firmware: no missing firmware in loaded kernel modules
Oct 22 21:38:51 check-missing-firmware: looking at dmesg again, restarting from \[   21.051617\]
Oct 22 21:38:51 check-missing-firmware: timestamp found, truncating dmesg accordingly
Oct 22 21:38:51 check-missing-firmware: saving timestamp for a later use: 
Oct 22 21:38:51 check-missing-firmware: /dev/.udev/firmware-missing does not exist, skipping
Oct 22 21:38:51 check-missing-firmware: /run/udev/firmware-missing does not exist, skipping
Oct 22 21:38:51 check-missing-firmware: no missing firmware in loaded kernel modules
Oct 22 21:38:52 main-menu[400]: DEBUG: resolver (libgcc1): package doesn't exist (ignored)
Oct 22 21:38:52 main-menu[400]: INFO: Falling back to the package description for brltty-udeb
Oct 22 21:38:52 main-menu[400]: INFO: Falling back to the package description for brltty-udeb
Oct 22 21:38:52 main-menu[400]: INFO: Menu item 'partman-base' selected
Oct 22 21:38:52 anna-install: Installing partman-auto-lvm
Oct 22 21:38:52 anna[4358]: DEBUG: resolver (cdebconf-udeb): package doesn't exist (ignored)
Oct 22 21:38:52 anna[4358]: DEBUG: resolver (di-utils): package doesn't exist (ignored)
Oct 22 21:38:52 anna[4358]: DEBUG: resolver (kernel-image-4.19.0-11-amd64-di): package doesn't exist (ignored)
Oct 22 21:38:52 anna[4358]: DEBUG: resolver (fat-modules): package doesn't exist (ignored)
Oct 22 21:38:52 anna[4358]: DEBUG: resolver (libdebian-installer4-udeb): package doesn't exist (ignored)
Oct 22 21:38:52 anna[4358]: DEBUG: resolver (archdetect): package doesn't exist (ignored)
Oct 22 21:38:52 anna[4358]: DEBUG: resolver (hw-detect): package doesn't exist (ignored)
Oct 22 21:38:52 anna[4358]: DEBUG: retrieving libaio1-udeb 0.3.112-3
Oct 22 21:38:52 anna[4358]: DEBUG: retrieving lvm2-udeb 2.03.02-3
Oct 22 21:38:52 anna[4358]: DEBUG: retrieving partman-auto-lvm 76
Oct 22 21:38:52 anna[4358]: DEBUG: retrieving partman-lvm 130
Oct 22 21:38:53 anna-install: Installing partman-auto-crypto
Oct 22 21:38:53 anna[4452]: DEBUG: resolver (cdebconf-udeb): package doesn't exist (ignored)
Oct 22 21:38:53 anna[4452]: DEBUG: resolver (di-utils): package doesn't exist (ignored)
Oct 22 21:38:53 anna[4452]: DEBUG: resolver (kernel-image-4.19.0-11-amd64-di): package doesn't exist (ignored)
Oct 22 21:38:53 anna[4452]: DEBUG: resolver (fat-modules): package doesn't exist (ignored)
Oct 22 21:38:53 anna[4452]: DEBUG: resolver (libdebian-installer4-udeb): package doesn't exist (ignored)
Oct 22 21:38:53 anna[4452]: DEBUG: resolver (archdetect): package doesn't exist (ignored)
Oct 22 21:38:53 anna[4452]: DEBUG: resolver (hw-detect): package doesn't exist (ignored)
Oct 22 21:38:53 anna[4452]: DEBUG: retrieving partman-auto-crypto 30
Oct 22 21:38:53 anna[4452]: DEBUG: retrieving partman-crypto 103
Oct 22 21:38:54 kernel: [   68.618273] raid6: sse2x1   gen() 14116 MB/s
Oct 22 21:38:54 kernel: [   68.686298] raid6: sse2x1   xor() 10261 MB/s
Oct 22 21:38:54 kernel: [   68.754239] raid6: sse2x2   gen() 17251 MB/s
Oct 22 21:38:54 kernel: [   68.822339] raid6: sse2x2   xor() 12810 MB/s
Oct 22 21:38:54 kernel: [   68.890196] raid6: sse2x4   gen() 20688 MB/s
Oct 22 21:38:54 kernel: [   68.958195] raid6: sse2x4   xor() 13564 MB/s
Oct 22 21:38:54 kernel: [   69.026325] raid6: avx2x1   gen() 29795 MB/s
Oct 22 21:38:54 kernel: [   69.094336] raid6: avx2x1   xor() 20308 MB/s
Oct 22 21:38:54 kernel: [   69.162194] raid6: avx2x2   gen() 36674 MB/s
Oct 22 21:38:54 kernel: [   69.230194] raid6: avx2x2   xor() 23787 MB/s
Oct 22 21:38:54 kernel: [   69.298469] raid6: avx2x4   gen() 42763 MB/s
Oct 22 21:38:54 kernel: [   69.366553] raid6: avx2x4   xor() 24359 MB/s
Oct 22 21:38:54 kernel: [   69.366554] raid6: using algorithm avx2x4 gen() 42763 MB/s
Oct 22 21:38:54 kernel: [   69.366555] raid6: .... xor() 24359 MB/s, rmw enabled
Oct 22 21:38:54 kernel: [   69.366555] raid6: using avx2x2 recovery algorithm
Oct 22 21:38:54 kernel: [   69.372157] xor: automatically using best checksumming function   avx       
Oct 22 21:38:54 kernel: [   69.409554] Btrfs loaded, crc32c=crc32c-generic
Oct 22 21:38:54 kernel: [   69.427648] JFS: nTxBlock = 8192, nTxLock = 65536
Oct 22 21:38:54 kernel: [   69.474522] SGI XFS with ACLs, security attributes, realtime, no debug enabled
Oct 22 21:38:55 md-devices: mdadm: No arrays found in config file or automatically
Oct 22 21:38:55 kernel: [   69.726004] device-mapper: uevent: version 1.0.3
Oct 22 21:38:55 kernel: [   69.726055] device-mapper: ioctl: 4.39.0-ioctl (2018-04-03) initialised: dm-devel@redhat.com
Oct 22 21:38:55 partman:   No matching physical volumes found
Oct 22 21:38:55 partman:   Reading all physical volumes.  This may take a while...
Oct 22 21:39:12 kernel: [   86.755681]  sda: sda1 sda2 < sda5 >
Oct 22 21:39:12 net/hw-detect.hotplug: Detected hotpluggable network interface enp0s5
Oct 22 21:39:12 net/hw-detect.hotplug: Detected hotpluggable network interface lo
Oct 22 21:39:12 kernel: [   86.876529] Adding 2095100k swap on /dev/sda5.  Priority:-2 extents:1 across:2095100k SSFS
Oct 22 21:39:12 partman: mke2fs 1.44.5 (15-Dec-2018)
Oct 22 21:39:12 kernel: [   87.207454] EXT4-fs (sda1): mounted filesystem with ordered data mode. Opts: errors=remount-ro
Oct 22 21:39:12 apt-install: Queueing package e2fsprogs for later installation
Oct 22 21:39:12 main-menu[400]: (process:4344): File descriptor 3 (pipe:[9202]) leaked on pvs invocation. Parent PID 6313: /bin/sh
Oct 22 21:39:12 main-menu[400]: (process:4344): File descriptor 4 (/dev/tty0) leaked on pvs invocation. Parent PID 6313: /bin/sh
Oct 22 21:39:12 main-menu[400]: (process:4344): File descriptor 5 (/dev/tty0) leaked on pvs invocation. Parent PID 6313: /bin/sh
Oct 22 21:39:12 main-menu[400]: (process:4344): File descriptor 3 (pipe:[9202]) leaked on pvs invocation. Parent PID 6352: /bin/sh
Oct 22 21:39:12 main-menu[400]: (process:4344): File descriptor 4 (/dev/tty0) leaked on pvs invocation. Parent PID 6352: /bin/sh
Oct 22 21:39:12 main-menu[400]: (process:4344): File descriptor 5 (/dev/tty0) leaked on pvs invocation. Parent PID 6352: /bin/sh
Oct 22 21:39:13 main-menu[400]: DEBUG: resolver (libgcc1): package doesn't exist (ignored)
Oct 22 21:39:13 main-menu[400]: INFO: Falling back to the package description for brltty-udeb
Oct 22 21:39:13 main-menu[400]: INFO: Falling back to the package description for brltty-udeb
Oct 22 21:39:13 main-menu[400]: INFO: Menu item 'bootstrap-base' selected
Oct 22 21:39:13 debootstrap: /usr/sbin/debootstrap --components=main --debian-installer --resolve-deps --no-check-gpg buster /target file:///cdrom/
Oct 22 21:39:17 debootstrap: dpkg: warning: parsing file '/var/lib/dpkg/status' near line 5 package 'dpkg':
Oct 22 21:39:17 debootstrap:  missing 'Description' field
Oct 22 21:39:17 debootstrap: dpkg: warning: parsing file '/var/lib/dpkg/status' near line 5 package 'dpkg':
Oct 22 21:39:17 debootstrap:  missing 'Architecture' field
Oct 22 21:39:17 debootstrap: Selecting previously unselected package base-passwd.
Oct 22 21:39:17 debootstrap: (Reading database ... 0 files and directories currently installed.)
Oct 22 21:39:17 debootstrap: Preparing to unpack .../base-passwd_3.5.46_amd64.deb ...
Oct 22 21:39:17 debootstrap: Unpacking base-passwd (3.5.46) ...
Oct 22 21:39:18 debootstrap: Setting up base-passwd (3.5.46) ...
Oct 22 21:39:18 debootstrap: dpkg: base-passwd: dependency problems, but configuring anyway as you requested:
Oct 22 21:39:18 debootstrap:  base-passwd depends on libc6 (>= 2.8); however:
Oct 22 21:39:18 debootstrap:   Package libc6 is not installed.
Oct 22 21:39:18 debootstrap:  base-passwd depends on libdebconfclient0 (>= 0.145); however:
Oct 22 21:39:18 debootstrap:   Package libdebconfclient0 is not installed.
Oct 22 21:39:18 debootstrap: 
Oct 22 21:39:18 debootstrap: dpkg: warning: parsing file '/var/lib/dpkg/status' near line 24 package 'dpkg':
Oct 22 21:39:18 debootstrap:  missing 'Description' field
Oct 22 21:39:18 debootstrap: dpkg: warning: parsing file '/var/lib/dpkg/status' near line 24 package 'dpkg':
Oct 22 21:39:18 debootstrap:  missing 'Architecture' field
Oct 22 21:39:18 debootstrap: Selecting previously unselected package base-files.
Oct 22 21:39:18 debootstrap: (Reading database ... 41 files and directories currently installed.)
Oct 22 21:39:18 debootstrap: Preparing to unpack .../base-files_10.3+deb10u6_amd64.deb ...
Oct 22 21:39:18 debootstrap: dpkg: regarding .../base-files_10.3+deb10u6_amd64.deb containing base-files, pre-dependency problem:
Oct 22 21:39:18 debootstrap:  base-files pre-depends on awk
Oct 22 21:39:18 debootstrap:   awk is not installed.
Oct 22 21:39:18 debootstrap: 
Oct 22 21:39:18 debootstrap: dpkg: warning: ignoring pre-dependency problem!
Oct 22 21:39:18 debootstrap: Unpacking base-files (10.3+deb10u6) ...
Oct 22 21:39:18 debootstrap: Setting up base-files (10.3+deb10u6) ...
Oct 22 21:39:18 debootstrap: dpkg: base-files: dependency problems, but configuring anyway as you requested:
Oct 22 21:39:18 debootstrap:  base-files depends on awk; however:
Oct 22 21:39:18 debootstrap:   Package awk is not installed.
Oct 22 21:39:18 debootstrap: 
Oct 22 21:39:18 debootstrap: dpkg: warning: parsing file '/var/lib/dpkg/status' near line 51 package 'dpkg':
Oct 22 21:39:18 debootstrap:  missing 'Description' field
Oct 22 21:39:18 debootstrap: dpkg: warning: parsing file '/var/lib/dpkg/status' near line 51 package 'dpkg':
Oct 22 21:39:18 debootstrap:  missing 'Architecture' field
Oct 22 21:39:18 debootstrap: (Reading database ... 121 files and directories currently installed.)
Oct 22 21:39:18 debootstrap: Preparing to unpack .../archives/dpkg_1.19.7_amd64.deb ...
Oct 22 21:39:18 debootstrap: dpkg: regarding .../archives/dpkg_1.19.7_amd64.deb containing dpkg, pre-dependency problem:
Oct 22 21:39:18 debootstrap:  dpkg pre-depends on libbz2-1.0
Oct 22 21:39:18 debootstrap:   libbz2-1.0 is not installed.
Oct 22 21:39:18 debootstrap: 
Oct 22 21:39:18 debootstrap: dpkg: warning: ignoring pre-dependency problem!
Oct 22 21:39:18 debootstrap: dpkg: regarding .../archives/dpkg_1.19.7_amd64.deb containing dpkg, pre-dependency problem:
Oct 22 21:39:18 debootstrap:  dpkg pre-depends on libc6 (>= 2.15)
Oct 22 21:39:18 debootstrap:   libc6 is not installed.
Oct 22 21:39:18 debootstrap: 
Oct 22 21:39:18 debootstrap: dpkg: warning: ignoring pre-dependency problem!
Oct 22 21:39:18 debootstrap: dpkg: regarding .../archives/dpkg_1.19.7_amd64.deb containing dpkg, pre-dependency problem:
Oct 22 21:39:18 debootstrap:  dpkg pre-depends on liblzma5 (>= 5.2.2)
Oct 22 21:39:18 debootstrap:   liblzma5 is not installed.
Oct 22 21:39:18 debootstrap: 
Oct 22 21:39:18 debootstrap: dpkg: warning: ignoring pre-dependency problem!
Oct 22 21:39:18 debootstrap: dpkg: regarding .../archives/dpkg_1.19.7_amd64.deb containing dpkg, pre-dependency problem:
Oct 22 21:39:18 debootstrap:  dpkg pre-depends on libselinux1 (>= 2.3)
Oct 22 21:39:18 debootstrap:   libselinux1 is not installed.
Oct 22 21:39:18 debootstrap: 
Oct 22 21:39:18 debootstrap: dpkg: warning: ignoring pre-dependency problem!
Oct 22 21:39:18 debootstrap: dpkg: regarding .../archives/dpkg_1.19.7_amd64.deb containing dpkg, pre-dependency problem:
Oct 22 21:39:18 debootstrap:  dpkg pre-depends on zlib1g (>= 1:1.1.4)
Oct 22 21:39:18 debootstrap:   zlib1g is not installed.
Oct 22 21:39:18 debootstrap: 
Oct 22 21:39:18 debootstrap: dpkg: warning: ignoring pre-dependency problem!
Oct 22 21:39:18 debootstrap: Unpacking dpkg (1.19.7) over (1.19.7) ...
Oct 22 21:39:18 debootstrap: Setting up dpkg (1.19.7) ...
Oct 22 21:39:18 debootstrap: dpkg: dpkg: dependency problems, but configuring anyway as you requested:
Oct 22 21:39:18 debootstrap:  dpkg depends on libbz2-1.0; however:
Oct 22 21:39:18 debootstrap:   Package libbz2-1.0 is not installed.
Oct 22 21:39:18 debootstrap:  dpkg depends on libc6 (>= 2.15); however:
Oct 22 21:39:18 debootstrap:   Package libc6 is not installed.
Oct 22 21:39:18 debootstrap:  dpkg depends on liblzma5 (>= 5.2.2); however:
Oct 22 21:39:18 debootstrap:   Package liblzma5 is not installed.
Oct 22 21:39:18 debootstrap:  dpkg depends on libselinux1 (>= 2.3); however:
Oct 22 21:39:18 debootstrap:   Package libselinux1 is not installed.
Oct 22 21:39:18 debootstrap:  dpkg depends on zlib1g (>= 1:1.1.4); however:
Oct 22 21:39:18 debootstrap:   Package zlib1g is not installed.
Oct 22 21:39:18 debootstrap:  dpkg depends on tar (>= 1.28-1); however:
Oct 22 21:39:18 debootstrap:   Package tar is not installed.
Oct 22 21:39:18 debootstrap: 
